@!@!@STARTMSG 2262:0 @!@!@
TLC2 Version 2.20 of Day Month 20?? (rev: 0310d5b)
@!@!@ENDMSG 2262 @!@!@
@!@!@STARTMSG 2187:0 @!@!@
Running breadth-first search Model-Checking with fp 15 and seed 7321022455973329900 with 1 worker on 16 cores with 3470MB heap and 64MB offheap memory [pid: 20528] (Windows 11 10.0 amd64, Oracle Corporation 21.0.1 x86_64, MSBDiskFPSet, DiskStateQueue).
@!@!@ENDMSG 2187 @!@!@
@!@!@STARTMSG 2220:0 @!@!@
Starting SANY...
@!@!@ENDMSG 2220 @!@!@
Parsing file C:\Users\ilias\Desktop\School\2024-2025\sem2\SEIS\taak\SEIS_project\tasks.tla (file:/c:/Users/ilias/Desktop/School/2024-2025/sem2/SEIS/taak/SEIS_project/tasks.tla)
Parsing file C:\Users\ilias\AppData\Local\Temp\tlc-11272375022888084485\Naturals.tla (jar:file:/C:/Users/ilias/.vscode/extensions/tlaplus.vscode-ide-2025.5.20347/tools/tla2tools.jar!/tla2sany/StandardModules/Naturals.tla)
Parsing file C:\Users\ilias\AppData\Local\Temp\tlc-11272375022888084485\Sequences.tla (jar:file:/C:/Users/ilias/.vscode/extensions/tlaplus.vscode-ide-2025.5.20347/tools/tla2tools.jar!/tla2sany/StandardModules/Sequences.tla)
Parsing file C:\Users\ilias\AppData\Local\Temp\tlc-11272375022888084485\TLC.tla (jar:file:/C:/Users/ilias/.vscode/extensions/tlaplus.vscode-ide-2025.5.20347/tools/tla2tools.jar!/tla2sany/StandardModules/TLC.tla)
Parsing file C:\Users\ilias\AppData\Local\Temp\tlc-11272375022888084485\FiniteSets.tla (jar:file:/C:/Users/ilias/.vscode/extensions/tlaplus.vscode-ide-2025.5.20347/tools/tla2tools.jar!/tla2sany/StandardModules/FiniteSets.tla)
Semantic processing of module Naturals
Semantic processing of module Sequences
Semantic processing of module FiniteSets
Semantic processing of module TLC
Semantic processing of module tasks
@!@!@STARTMSG 2219:0 @!@!@
SANY finished.
@!@!@ENDMSG 2219 @!@!@
@!@!@STARTMSG 2185:0 @!@!@
Starting... (2025-05-02 23:04:22)
@!@!@ENDMSG 2185 @!@!@
@!@!@STARTMSG 2189:0 @!@!@
Computing initial states...
@!@!@ENDMSG 2189 @!@!@
@!@!@STARTMSG 2190:0 @!@!@
Finished computing initial states: 1 distinct state generated at 2025-05-02 23:04:22.
@!@!@ENDMSG 2190 @!@!@
@!@!@STARTMSG 2200:0 @!@!@
Progress(4) at 2025-05-02 23:04:25: 852.914 states generated (852.914 s/min), 832.931 distinct states found (832.931 ds/min), 826.027 states left on queue.
@!@!@ENDMSG 2200 @!@!@
@!@!@STARTMSG 2200:0 @!@!@
Progress(5) at 2025-05-02 23:05:25: 19.778.908 states generated (18.925.994 s/min), 19.304.519 distinct states found (18.471.588 ds/min), 19.143.734 states left on queue.
@!@!@ENDMSG 2200 @!@!@
@!@!@STARTMSG 2201:0 @!@!@
The coverage statistics at 2025-05-02 23:05:25
@!@!@ENDMSG 2201 @!@!@
@!@!@STARTMSG 2773:0 @!@!@
<Init line 15, col 1 to line 15, col 4 of module tasks>: 1:1
@!@!@ENDMSG 2773 @!@!@
@!@!@STARTMSG 2221:0 @!@!@
  line 16, col 8 to line 16, col 20 of module tasks: 1
@!@!@ENDMSG 2221 @!@!@
@!@!@STARTMSG 2221:0 @!@!@
  line 17, col 8 to line 17, col 45 of module tasks: 1
@!@!@ENDMSG 2221 @!@!@
@!@!@STARTMSG 2775:0 @!@!@
  |line 17, col 20 to line 17, col 45 of module tasks: 1:3
@!@!@ENDMSG 2775 @!@!@
@!@!@STARTMSG 2221:0 @!@!@
  ||line 17, col 29 to line 17, col 35 of module tasks: 1
@!@!@ENDMSG 2221 @!@!@
@!@!@STARTMSG 2772:0 @!@!@
<GenerateTask line 32, col 1 to line 32, col 25 of module tasks>: 18829920:19300080
@!@!@ENDMSG 2772 @!@!@
@!@!@STARTMSG 2221:0 @!@!@
  line 33, col 8 to line 33, col 24 of module tasks: 38600323
@!@!@ENDMSG 2221 @!@!@
@!@!@STARTMSG 2221:0 @!@!@
  |line 33, col 8 to line 33, col 10 of module tasks: 19300185
@!@!@ENDMSG 2221 @!@!@
@!@!@STARTMSG 2221:0 @!@!@
  |line 33, col 16 to line 33, col 24 of module tasks: 19300200
@!@!@ENDMSG 2221 @!@!@
@!@!@STARTMSG 2221:0 @!@!@
  line 34, col 8 to line 34, col 30 of module tasks: 38600443
@!@!@ENDMSG 2221 @!@!@
@!@!@STARTMSG 2221:0 @!@!@
  |line 34, col 8 to line 34, col 13 of module tasks: 19300247
@!@!@ENDMSG 2221 @!@!@
@!@!@STARTMSG 2221:0 @!@!@
  |line 34, col 19 to line 34, col 30 of module tasks: 19300264
@!@!@ENDMSG 2221 @!@!@
@!@!@STARTMSG 2221:0 @!@!@
  line 35, col 8 to line 35, col 29 of module tasks: 19300280
@!@!@ENDMSG 2221 @!@!@
@!@!@STARTMSG 2221:0 @!@!@
  |line 35, col 8 to line 35, col 17 of module tasks: 19300298
@!@!@ENDMSG 2221 @!@!@
@!@!@STARTMSG 2221:0 @!@!@
  |line 35, col 21 to line 35, col 29 of module tasks: 19300318
@!@!@ENDMSG 2221 @!@!@
@!@!@STARTMSG 2221:0 @!@!@
  line 36, col 8 to line 36, col 46 of module tasks: 19300329
@!@!@ENDMSG 2221 @!@!@
@!@!@STARTMSG 2221:0 @!@!@
  |line 36, col 17 to line 36, col 46 of module tasks: 19300351
@!@!@ENDMSG 2221 @!@!@
@!@!@STARTMSG 2221:0 @!@!@
  ||line 36, col 24 to line 36, col 28 of module tasks: 19300372
@!@!@ENDMSG 2221 @!@!@
@!@!@STARTMSG 2221:0 @!@!@
  ||line 36, col 31 to line 36, col 45 of module tasks: 19300390
@!@!@ENDMSG 2221 @!@!@
@!@!@STARTMSG 2221:0 @!@!@
  |||line 36, col 33 to line 36, col 35 of module tasks: 19300406
@!@!@ENDMSG 2221 @!@!@
@!@!@STARTMSG 2221:0 @!@!@
  |||line 36, col 38 to line 36, col 43 of module tasks: 19300422
@!@!@ENDMSG 2221 @!@!@
@!@!@STARTMSG 2221:0 @!@!@
  line 37, col 8 to line 37, col 30 of module tasks: 19300156
@!@!@ENDMSG 2221 @!@!@
@!@!@STARTMSG 2772:0 @!@!@
<AssignTask line 39, col 1 to line 39, col 15 of module tasks>: 477570:477870
@!@!@ENDMSG 2772 @!@!@
@!@!@STARTMSG 2221:0 @!@!@
  line 21, col 5 to line 21, col 19 of module tasks: 960387
@!@!@ENDMSG 2221 @!@!@
@!@!@STARTMSG 2221:0 @!@!@
  |line 21, col 5 to line 21, col 7 of module tasks: 482514
@!@!@ENDMSG 2221 @!@!@
@!@!@STARTMSG 2221:0 @!@!@
  |line 21, col 13 to line 21, col 19 of module tasks: 482514
@!@!@ENDMSG 2221 @!@!@
@!@!@STARTMSG 2221:0 @!@!@
  line 40, col 19 to line 40, col 21 of module tasks: 482514
@!@!@ENDMSG 2221 @!@!@
@!@!@STARTMSG 2221:0 @!@!@
  line 41, col 8 to line 41, col 28 of module tasks: 960393
@!@!@ENDMSG 2221 @!@!@
@!@!@STARTMSG 2221:0 @!@!@
  |line 41, col 8 to line 41, col 21 of module tasks: 482517
@!@!@ENDMSG 2221 @!@!@
@!@!@STARTMSG 2221:0 @!@!@
  ||line 41, col 8 to line 41, col 16 of module tasks: 482517
@!@!@ENDMSG 2221 @!@!@
@!@!@STARTMSG 2221:0 @!@!@
  ||line 41, col 18 to line 41, col 20 of module tasks: 482517
@!@!@ENDMSG 2221 @!@!@
@!@!@STARTMSG 2221:0 @!@!@
  |line 41, col 25 to line 41, col 28 of module tasks: 482517
@!@!@ENDMSG 2221 @!@!@
@!@!@STARTMSG 2221:0 @!@!@
  line 42, col 8 to line 42, col 21 of module tasks: 956475
@!@!@ENDMSG 2221 @!@!@
@!@!@STARTMSG 2221:0 @!@!@
  |line 42, col 8 to line 42, col 12 of module tasks: 478600
@!@!@ENDMSG 2221 @!@!@
@!@!@STARTMSG 2221:0 @!@!@
  |line 42, col 17 to line 42, col 21 of module tasks: 478602
@!@!@ENDMSG 2221 @!@!@
@!@!@STARTMSG 2221:0 @!@!@
  line 44, col 9 to line 45, col 31 of module tasks: 477873
@!@!@ENDMSG 2221 @!@!@
@!@!@STARTMSG 2772:0 @!@!@
<CompleteTask line 47, col 1 to line 47, col 17 of module tasks>: 0:3918
@!@!@ENDMSG 2772 @!@!@
@!@!@STARTMSG 2221:0 @!@!@
  line 21, col 5 to line 21, col 19 of module tasks: 486438
@!@!@ENDMSG 2221 @!@!@
@!@!@STARTMSG 2221:0 @!@!@
  |line 21, col 5 to line 21, col 7 of module tasks: 482520
@!@!@ENDMSG 2221 @!@!@
@!@!@STARTMSG 2221:0 @!@!@
  |line 21, col 13 to line 21, col 19 of module tasks: 482523
@!@!@ENDMSG 2221 @!@!@
@!@!@STARTMSG 2221:0 @!@!@
  line 48, col 19 to line 48, col 21 of module tasks: 482523
@!@!@ENDMSG 2221 @!@!@
@!@!@STARTMSG 2221:0 @!@!@
  line 49, col 8 to line 49, col 29 of module tasks: 486441
@!@!@ENDMSG 2221 @!@!@
@!@!@STARTMSG 2221:0 @!@!@
  |line 49, col 8 to line 49, col 21 of module tasks: 482523
@!@!@ENDMSG 2221 @!@!@
@!@!@STARTMSG 2221:0 @!@!@
  |line 49, col 26 to line 49, col 29 of module tasks: 482523
@!@!@ENDMSG 2221 @!@!@
@!@!@STARTMSG 2221:0 @!@!@
  line 50, col 8 to line 50, col 52 of module tasks: 3918
@!@!@ENDMSG 2221 @!@!@
@!@!@STARTMSG 2221:0 @!@!@
  line 51, col 8 to line 51, col 26 of module tasks: 3918
@!@!@ENDMSG 2221 @!@!@
@!@!@STARTMSG 2774:0 @!@!@
<Inv_TasksNotExceedMax line 71, col 1 to line 71, col 21 of module tasks>
@!@!@ENDMSG 2774 @!@!@
@!@!@STARTMSG 2221:0 @!@!@
  line 72, col 5 to line 72, col 27 of module tasks: 19308512
@!@!@ENDMSG 2221 @!@!@
@!@!@STARTMSG 2221:0 @!@!@
  |line 72, col 5 to line 72, col 14 of module tasks: 19308531
@!@!@ENDMSG 2221 @!@!@
@!@!@STARTMSG 2221:0 @!@!@
  ||line 72, col 9 to line 72, col 13 of module tasks: 19308543
@!@!@ENDMSG 2221 @!@!@
@!@!@STARTMSG 2221:0 @!@!@
  |line 72, col 19 to line 72, col 27 of module tasks: 19308543
@!@!@ENDMSG 2221 @!@!@
@!@!@STARTMSG 2774:0 @!@!@
<Inv_BotTasksValid line 74, col 1 to line 74, col 17 of module tasks>
@!@!@ENDMSG 2774 @!@!@
@!@!@STARTMSG 2221:0 @!@!@
  line 75, col 5 to line 77, col 84 of module tasks: 19308586
@!@!@ENDMSG 2221 @!@!@
@!@!@STARTMSG 2221:0 @!@!@
  |line 76, col 9 to line 77, col 84 of module tasks: 57925806
@!@!@ENDMSG 2221 @!@!@
@!@!@STARTMSG 2221:0 @!@!@
  ||line 76, col 9 to line 76, col 29 of module tasks: 57925863
@!@!@ENDMSG 2221 @!@!@
@!@!@STARTMSG 2221:0 @!@!@
  |||line 76, col 9 to line 76, col 22 of module tasks: 57925914
@!@!@ENDMSG 2221 @!@!@
@!@!@STARTMSG 2221:0 @!@!@
  ||||line 76, col 9 to line 76, col 17 of module tasks: 57925962
@!@!@ENDMSG 2221 @!@!@
@!@!@STARTMSG 2221:0 @!@!@
  ||||line 76, col 19 to line 76, col 21 of module tasks: 57925998
@!@!@ENDMSG 2221 @!@!@
@!@!@STARTMSG 2221:0 @!@!@
  |||line 76, col 26 to line 76, col 29 of module tasks: 57926049
@!@!@ENDMSG 2221 @!@!@
@!@!@STARTMSG 2221:0 @!@!@
  ||line 77, col 10 to line 77, col 83 of module tasks: 484404
@!@!@ENDMSG 2221 @!@!@
@!@!@STARTMSG 2221:0 @!@!@
  |||line 77, col 55 to line 77, col 83 of module tasks: 5425056
@!@!@ENDMSG 2221 @!@!@
@!@!@STARTMSG 2221:0 @!@!@
  |||line 77, col 21 to line 77, col 29 of module tasks: 484407
@!@!@ENDMSG 2221 @!@!@
@!@!@STARTMSG 2221:0 @!@!@
  |||line 77, col 40 to line 77, col 51 of module tasks: 484407
@!@!@ENDMSG 2221 @!@!@
@!@!@STARTMSG 2221:0 @!@!@
  |line 75, col 16 to line 75, col 22 of module tasks: 19308775
@!@!@ENDMSG 2221 @!@!@
@!@!@STARTMSG 2202:0 @!@!@
End of statistics.
@!@!@ENDMSG 2202 @!@!@
@!@!@STARTMSG 2200:0 @!@!@
Progress(5) at 2025-05-02 23:06:25: 38.668.047 states generated (18.889.139 s/min), 37.739.613 distinct states found (18.435.094 ds/min), 37.425.267 states left on queue.
@!@!@ENDMSG 2200 @!@!@
@!@!@STARTMSG 2200:0 @!@!@
Progress(5) at 2025-05-02 23:07:25: 56.777.980 states generated (18.109.933 s/min), 55.413.306 distinct states found (17.673.693 ds/min), 54.951.690 states left on queue.
@!@!@ENDMSG 2200 @!@!@
@!@!@STARTMSG 2201:0 @!@!@
The coverage statistics at 2025-05-02 23:07:25
@!@!@ENDMSG 2201 @!@!@
@!@!@STARTMSG 2773:0 @!@!@
<Init line 15, col 1 to line 15, col 4 of module tasks>: 1:1
@!@!@ENDMSG 2773 @!@!@
@!@!@STARTMSG 2221:0 @!@!@
  line 16, col 8 to line 16, col 20 of module tasks: 1
@!@!@ENDMSG 2221 @!@!@
@!@!@STARTMSG 2221:0 @!@!@
  line 17, col 8 to line 17, col 45 of module tasks: 1
@!@!@ENDMSG 2221 @!@!@
@!@!@STARTMSG 2775:0 @!@!@
  |line 17, col 20 to line 17, col 45 of module tasks: 1:3
@!@!@ENDMSG 2775 @!@!@
@!@!@STARTMSG 2221:0 @!@!@
  ||line 17, col 29 to line 17, col 35 of module tasks: 1
@!@!@ENDMSG 2221 @!@!@
@!@!@STARTMSG 2772:0 @!@!@
<GenerateTask line 32, col 1 to line 32, col 25 of module tasks>: 54043571:55394292
@!@!@ENDMSG 2772 @!@!@
@!@!@STARTMSG 2221:0 @!@!@
  line 33, col 8 to line 33, col 24 of module tasks: 110788667
@!@!@ENDMSG 2221 @!@!@
@!@!@STARTMSG 2221:0 @!@!@
  |line 33, col 8 to line 33, col 10 of module tasks: 55394361
@!@!@ENDMSG 2221 @!@!@
@!@!@STARTMSG 2221:0 @!@!@
  |line 33, col 16 to line 33, col 24 of module tasks: 55394382
@!@!@ENDMSG 2221 @!@!@
@!@!@STARTMSG 2221:0 @!@!@
  line 34, col 8 to line 34, col 30 of module tasks: 110788800
@!@!@ENDMSG 2221 @!@!@
@!@!@STARTMSG 2221:0 @!@!@
  |line 34, col 8 to line 34, col 13 of module tasks: 55394405
@!@!@ENDMSG 2221 @!@!@
@!@!@STARTMSG 2221:0 @!@!@
  |line 34, col 19 to line 34, col 30 of module tasks: 55394415
@!@!@ENDMSG 2221 @!@!@
@!@!@STARTMSG 2221:0 @!@!@
  line 35, col 8 to line 35, col 29 of module tasks: 55394427
@!@!@ENDMSG 2221 @!@!@
@!@!@STARTMSG 2221:0 @!@!@
  |line 35, col 8 to line 35, col 17 of module tasks: 55394435
@!@!@ENDMSG 2221 @!@!@
@!@!@STARTMSG 2221:0 @!@!@
  ||line 35, col 12 to line 35, col 16 of module tasks: 55394447
@!@!@ENDMSG 2221 @!@!@
@!@!@STARTMSG 2221:0 @!@!@
  |line 35, col 21 to line 35, col 29 of module tasks: 55394456
@!@!@ENDMSG 2221 @!@!@
@!@!@STARTMSG 2221:0 @!@!@
  line 36, col 8 to line 36, col 46 of module tasks: 55394465
@!@!@ENDMSG 2221 @!@!@
@!@!@STARTMSG 2221:0 @!@!@
  |line 36, col 17 to line 36, col 46 of module tasks: 55394486
@!@!@ENDMSG 2221 @!@!@
@!@!@STARTMSG 2221:0 @!@!@
  ||line 36, col 24 to line 36, col 28 of module tasks: 55394509
@!@!@ENDMSG 2221 @!@!@
@!@!@STARTMSG 2221:0 @!@!@
  ||line 36, col 31 to line 36, col 45 of module tasks: 55394526
@!@!@ENDMSG 2221 @!@!@
@!@!@STARTMSG 2221:0 @!@!@
  |||line 36, col 33 to line 36, col 35 of module tasks: 55394551
@!@!@ENDMSG 2221 @!@!@
@!@!@STARTMSG 2221:0 @!@!@
  |||line 36, col 38 to line 36, col 43 of module tasks: 55394557
@!@!@ENDMSG 2221 @!@!@
@!@!@STARTMSG 2221:0 @!@!@
  line 37, col 8 to line 37, col 30 of module tasks: 55394329
@!@!@ENDMSG 2221 @!@!@
@!@!@STARTMSG 2772:0 @!@!@
<AssignTask line 39, col 1 to line 39, col 15 of module tasks>: 1370001:1372884
@!@!@ENDMSG 2772 @!@!@
@!@!@STARTMSG 2221:0 @!@!@
  line 21, col 5 to line 21, col 19 of module tasks: 2757747
@!@!@ENDMSG 2221 @!@!@
@!@!@STARTMSG 2221:0 @!@!@
  |line 21, col 5 to line 21, col 7 of module tasks: 1384863
@!@!@ENDMSG 2221 @!@!@
@!@!@STARTMSG 2221:0 @!@!@
  |line 21, col 13 to line 21, col 19 of module tasks: 1384863
@!@!@ENDMSG 2221 @!@!@
@!@!@STARTMSG 2221:0 @!@!@
  line 40, col 19 to line 40, col 21 of module tasks: 1384863
@!@!@ENDMSG 2221 @!@!@
@!@!@STARTMSG 2221:0 @!@!@
  line 41, col 8 to line 41, col 28 of module tasks: 2757747
@!@!@ENDMSG 2221 @!@!@
@!@!@STARTMSG 2221:0 @!@!@
  |line 41, col 8 to line 41, col 21 of module tasks: 1384866
@!@!@ENDMSG 2221 @!@!@
@!@!@STARTMSG 2221:0 @!@!@
  |line 41, col 25 to line 41, col 28 of module tasks: 1384866
@!@!@ENDMSG 2221 @!@!@
@!@!@STARTMSG 2221:0 @!@!@
  line 42, col 8 to line 42, col 21 of module tasks: 2746497
@!@!@ENDMSG 2221 @!@!@
@!@!@STARTMSG 2221:0 @!@!@
  |line 42, col 8 to line 42, col 12 of module tasks: 1373610
@!@!@ENDMSG 2221 @!@!@
@!@!@STARTMSG 2221:0 @!@!@
  |line 42, col 17 to line 42, col 21 of module tasks: 1373610
@!@!@ENDMSG 2221 @!@!@
@!@!@STARTMSG 2221:0 @!@!@
  line 44, col 9 to line 45, col 31 of module tasks: 1372884
@!@!@ENDMSG 2221 @!@!@
@!@!@STARTMSG 2772:0 @!@!@
<CompleteTask line 47, col 1 to line 47, col 17 of module tasks>: 0:11256
@!@!@ENDMSG 2772 @!@!@
@!@!@STARTMSG 2221:0 @!@!@
  line 21, col 5 to line 21, col 19 of module tasks: 1396125
@!@!@ENDMSG 2221 @!@!@
@!@!@STARTMSG 2221:0 @!@!@
  |line 21, col 5 to line 21, col 7 of module tasks: 1384869
@!@!@ENDMSG 2221 @!@!@
@!@!@STARTMSG 2221:0 @!@!@
  |line 21, col 13 to line 21, col 19 of module tasks: 1384869
@!@!@ENDMSG 2221 @!@!@
@!@!@STARTMSG 2221:0 @!@!@
  line 48, col 19 to line 48, col 21 of module tasks: 1384869
@!@!@ENDMSG 2221 @!@!@
@!@!@STARTMSG 2221:0 @!@!@
  line 49, col 8 to line 49, col 29 of module tasks: 1396125
@!@!@ENDMSG 2221 @!@!@
@!@!@STARTMSG 2221:0 @!@!@
  |line 49, col 8 to line 49, col 21 of module tasks: 1384869
@!@!@ENDMSG 2221 @!@!@
@!@!@STARTMSG 2221:0 @!@!@
  |line 49, col 26 to line 49, col 29 of module tasks: 1384869
@!@!@ENDMSG 2221 @!@!@
@!@!@STARTMSG 2221:0 @!@!@
  line 50, col 8 to line 50, col 52 of module tasks: 11256
@!@!@ENDMSG 2221 @!@!@
@!@!@STARTMSG 2221:0 @!@!@
  line 51, col 8 to line 51, col 26 of module tasks: 11256
@!@!@ENDMSG 2221 @!@!@
@!@!@STARTMSG 2774:0 @!@!@
<Inv_TasksNotExceedMax line 71, col 1 to line 71, col 21 of module tasks>
@!@!@ENDMSG 2774 @!@!@
@!@!@STARTMSG 2221:0 @!@!@
  line 72, col 5 to line 72, col 27 of module tasks: 55414236
@!@!@ENDMSG 2221 @!@!@
@!@!@STARTMSG 2221:0 @!@!@
  |line 72, col 5 to line 72, col 14 of module tasks: 55414250
@!@!@ENDMSG 2221 @!@!@
@!@!@STARTMSG 2221:0 @!@!@
  ||line 72, col 9 to line 72, col 13 of module tasks: 55414253
@!@!@ENDMSG 2221 @!@!@
@!@!@STARTMSG 2221:0 @!@!@
  |line 72, col 19 to line 72, col 27 of module tasks: 55414268
@!@!@ENDMSG 2221 @!@!@
@!@!@STARTMSG 2774:0 @!@!@
<Inv_BotTasksValid line 74, col 1 to line 74, col 17 of module tasks>
@!@!@ENDMSG 2774 @!@!@
@!@!@STARTMSG 2221:0 @!@!@
  line 75, col 5 to line 77, col 84 of module tasks: 55414309
@!@!@ENDMSG 2221 @!@!@
@!@!@STARTMSG 2221:0 @!@!@
  |line 76, col 9 to line 77, col 84 of module tasks: 166242972
@!@!@ENDMSG 2221 @!@!@
@!@!@STARTMSG 2221:0 @!@!@
  ||line 76, col 9 to line 76, col 29 of module tasks: 166243008
@!@!@ENDMSG 2221 @!@!@
@!@!@STARTMSG 2221:0 @!@!@
  |||line 76, col 9 to line 76, col 22 of module tasks: 166243065
@!@!@ENDMSG 2221 @!@!@
@!@!@STARTMSG 2221:0 @!@!@
  ||||line 76, col 9 to line 76, col 17 of module tasks: 166243102
@!@!@ENDMSG 2221 @!@!@
@!@!@STARTMSG 2221:0 @!@!@
  ||||line 76, col 19 to line 76, col 21 of module tasks: 166243137
@!@!@ENDMSG 2221 @!@!@
@!@!@STARTMSG 2221:0 @!@!@
  |||line 76, col 26 to line 76, col 29 of module tasks: 166243173
@!@!@ENDMSG 2221 @!@!@
@!@!@STARTMSG 2221:0 @!@!@
  ||line 77, col 10 to line 77, col 83 of module tasks: 1388922
@!@!@ENDMSG 2221 @!@!@
@!@!@STARTMSG 2221:0 @!@!@
  |||line 77, col 55 to line 77, col 83 of module tasks: 24639708
@!@!@ENDMSG 2221 @!@!@
@!@!@STARTMSG 2221:0 @!@!@
  |||line 77, col 21 to line 77, col 29 of module tasks: 1388925
@!@!@ENDMSG 2221 @!@!@
@!@!@STARTMSG 2221:0 @!@!@
  |||line 77, col 40 to line 77, col 51 of module tasks: 1388925
@!@!@ENDMSG 2221 @!@!@
@!@!@STARTMSG 2221:0 @!@!@
  |line 75, col 16 to line 75, col 22 of module tasks: 55414441
@!@!@ENDMSG 2221 @!@!@
@!@!@STARTMSG 2202:0 @!@!@
End of statistics.
@!@!@ENDMSG 2202 @!@!@
@!@!@STARTMSG 2200:0 @!@!@
Progress(5) at 2025-05-02 23:08:25: 69.242.852 states generated (12.464.872 s/min), 67.577.929 distinct states found (12.164.623 ds/min), 67.014.975 states left on queue.
@!@!@ENDMSG 2200 @!@!@
@!@!@STARTMSG 2200:0 @!@!@
Progress(5) at 2025-05-02 23:09:25: 72.981.452 states generated (3.738.600 s/min), 71.226.000 distinct states found (3.648.071 ds/min), 70.632.651 states left on queue.
@!@!@ENDMSG 2200 @!@!@
@!@!@STARTMSG 2201:0 @!@!@
The coverage statistics at 2025-05-02 23:09:25
@!@!@ENDMSG 2201 @!@!@
@!@!@STARTMSG 2773:0 @!@!@
<Init line 15, col 1 to line 15, col 4 of module tasks>: 1:1
@!@!@ENDMSG 2773 @!@!@
@!@!@STARTMSG 2221:0 @!@!@
  line 16, col 8 to line 16, col 20 of module tasks: 1
@!@!@ENDMSG 2221 @!@!@
@!@!@STARTMSG 2221:0 @!@!@
  line 17, col 8 to line 17, col 45 of module tasks: 1
@!@!@ENDMSG 2221 @!@!@
@!@!@STARTMSG 2775:0 @!@!@
  |line 17, col 20 to line 17, col 45 of module tasks: 1:3
@!@!@ENDMSG 2775 @!@!@
@!@!@STARTMSG 2221:0 @!@!@
  ||line 17, col 29 to line 17, col 35 of module tasks: 1
@!@!@ENDMSG 2221 @!@!@
@!@!@STARTMSG 2772:0 @!@!@
<GenerateTask line 32, col 1 to line 32, col 25 of module tasks>: 69465900:71202181
@!@!@ENDMSG 2772 @!@!@
@!@!@STARTMSG 2221:0 @!@!@
  line 33, col 8 to line 33, col 24 of module tasks: 142404377
@!@!@ENDMSG 2221 @!@!@
@!@!@STARTMSG 2221:0 @!@!@
  |line 33, col 8 to line 33, col 10 of module tasks: 71202193
@!@!@ENDMSG 2221 @!@!@
@!@!@STARTMSG 2221:0 @!@!@
  |line 33, col 16 to line 33, col 24 of module tasks: 71202198
@!@!@ENDMSG 2221 @!@!@
@!@!@STARTMSG 2221:0 @!@!@
  line 34, col 8 to line 34, col 30 of module tasks: 142404401
@!@!@ENDMSG 2221 @!@!@
@!@!@STARTMSG 2221:0 @!@!@
  |line 34, col 8 to line 34, col 13 of module tasks: 71202205
@!@!@ENDMSG 2221 @!@!@
@!@!@STARTMSG 2221:0 @!@!@
  |line 34, col 19 to line 34, col 30 of module tasks: 71202206
@!@!@ENDMSG 2221 @!@!@
@!@!@STARTMSG 2221:0 @!@!@
  line 35, col 8 to line 35, col 29 of module tasks: 71202208
@!@!@ENDMSG 2221 @!@!@
@!@!@STARTMSG 2221:0 @!@!@
  |line 35, col 8 to line 35, col 17 of module tasks: 71202211
@!@!@ENDMSG 2221 @!@!@
@!@!@STARTMSG 2221:0 @!@!@
  |line 35, col 21 to line 35, col 29 of module tasks: 71202211
@!@!@ENDMSG 2221 @!@!@
@!@!@STARTMSG 2221:0 @!@!@
  line 36, col 8 to line 36, col 46 of module tasks: 71202213
@!@!@ENDMSG 2221 @!@!@
@!@!@STARTMSG 2221:0 @!@!@
  |line 36, col 17 to line 36, col 46 of module tasks: 71202216
@!@!@ENDMSG 2221 @!@!@
@!@!@STARTMSG 2221:0 @!@!@
  ||line 36, col 24 to line 36, col 28 of module tasks: 71202219
@!@!@ENDMSG 2221 @!@!@
@!@!@STARTMSG 2221:0 @!@!@
  ||line 36, col 31 to line 36, col 45 of module tasks: 71202222
@!@!@ENDMSG 2221 @!@!@
@!@!@STARTMSG 2221:0 @!@!@
  line 37, col 8 to line 37, col 30 of module tasks: 71202187
@!@!@ENDMSG 2221 @!@!@
@!@!@STARTMSG 2772:0 @!@!@
<AssignTask line 39, col 1 to line 39, col 15 of module tasks>: 1760160:1764861
@!@!@ENDMSG 2772 @!@!@
@!@!@STARTMSG 2221:0 @!@!@
  line 21, col 5 to line 21, col 19 of module tasks: 3544914
@!@!@ENDMSG 2221 @!@!@
@!@!@STARTMSG 2221:0 @!@!@
  |line 21, col 5 to line 21, col 7 of module tasks: 1780054
@!@!@ENDMSG 2221 @!@!@
@!@!@STARTMSG 2221:0 @!@!@
  |line 21, col 13 to line 21, col 19 of module tasks: 1780055
@!@!@ENDMSG 2221 @!@!@
@!@!@STARTMSG 2221:0 @!@!@
  line 40, col 19 to line 40, col 21 of module tasks: 1780056
@!@!@ENDMSG 2221 @!@!@
@!@!@STARTMSG 2221:0 @!@!@
  line 41, col 8 to line 41, col 28 of module tasks: 3544920
@!@!@ENDMSG 2221 @!@!@
@!@!@STARTMSG 2221:0 @!@!@
  |line 41, col 8 to line 41, col 21 of module tasks: 1780056
@!@!@ENDMSG 2221 @!@!@
@!@!@STARTMSG 2221:0 @!@!@
  |line 41, col 25 to line 41, col 28 of module tasks: 1780056
@!@!@ENDMSG 2221 @!@!@
@!@!@STARTMSG 2221:0 @!@!@
  line 42, col 8 to line 42, col 21 of module tasks: 3530451
@!@!@ENDMSG 2221 @!@!@
@!@!@STARTMSG 2221:0 @!@!@
  |line 42, col 8 to line 42, col 12 of module tasks: 1765587
@!@!@ENDMSG 2221 @!@!@
@!@!@STARTMSG 2221:0 @!@!@
  |line 42, col 17 to line 42, col 21 of module tasks: 1765587
@!@!@ENDMSG 2221 @!@!@
@!@!@STARTMSG 2221:0 @!@!@
  line 44, col 9 to line 45, col 31 of module tasks: 1764861
@!@!@ENDMSG 2221 @!@!@
@!@!@STARTMSG 2772:0 @!@!@
<CompleteTask line 47, col 1 to line 47, col 17 of module tasks>: 0:14469
@!@!@ENDMSG 2772 @!@!@
@!@!@STARTMSG 2221:0 @!@!@
  line 21, col 5 to line 21, col 19 of module tasks: 1794525
@!@!@ENDMSG 2221 @!@!@
@!@!@STARTMSG 2221:0 @!@!@
  |line 21, col 5 to line 21, col 7 of module tasks: 1780056
@!@!@ENDMSG 2221 @!@!@
@!@!@STARTMSG 2221:0 @!@!@
  |line 21, col 13 to line 21, col 19 of module tasks: 1780056
@!@!@ENDMSG 2221 @!@!@
@!@!@STARTMSG 2221:0 @!@!@
  line 48, col 19 to line 48, col 21 of module tasks: 1780056
@!@!@ENDMSG 2221 @!@!@
@!@!@STARTMSG 2221:0 @!@!@
  line 49, col 8 to line 49, col 29 of module tasks: 1794525
@!@!@ENDMSG 2221 @!@!@
@!@!@STARTMSG 2221:0 @!@!@
  |line 49, col 8 to line 49, col 21 of module tasks: 1780056
@!@!@ENDMSG 2221 @!@!@
@!@!@STARTMSG 2221:0 @!@!@
  |line 49, col 26 to line 49, col 29 of module tasks: 1780056
@!@!@ENDMSG 2221 @!@!@
@!@!@STARTMSG 2221:0 @!@!@
  line 50, col 8 to line 50, col 52 of module tasks: 14469
@!@!@ENDMSG 2221 @!@!@
@!@!@STARTMSG 2221:0 @!@!@
  line 51, col 8 to line 51, col 26 of module tasks: 14469
@!@!@ENDMSG 2221 @!@!@
@!@!@STARTMSG 2774:0 @!@!@
<Inv_TasksNotExceedMax line 71, col 1 to line 71, col 21 of module tasks>
@!@!@ENDMSG 2774 @!@!@
@!@!@STARTMSG 2221:0 @!@!@
  line 72, col 5 to line 72, col 27 of module tasks: 71226177
@!@!@ENDMSG 2221 @!@!@
@!@!@STARTMSG 2774:0 @!@!@
<Inv_BotTasksValid line 74, col 1 to line 74, col 17 of module tasks>
@!@!@ENDMSG 2774 @!@!@
@!@!@STARTMSG 2221:0 @!@!@
  line 75, col 5 to line 77, col 84 of module tasks: 71226184
@!@!@ENDMSG 2221 @!@!@
@!@!@STARTMSG 2221:0 @!@!@
  |line 76, col 9 to line 77, col 84 of module tasks: 213678555
@!@!@ENDMSG 2221 @!@!@
@!@!@STARTMSG 2221:0 @!@!@
  ||line 76, col 9 to line 76, col 29 of module tasks: 213678564
@!@!@ENDMSG 2221 @!@!@
@!@!@STARTMSG 2221:0 @!@!@
  ||line 77, col 10 to line 77, col 83 of module tasks: 1783680
@!@!@ENDMSG 2221 @!@!@
@!@!@STARTMSG 2221:0 @!@!@
  |||line 77, col 55 to line 77, col 83 of module tasks: 38740740
@!@!@ENDMSG 2221 @!@!@
@!@!@STARTMSG 2221:0 @!@!@
  |||line 77, col 21 to line 77, col 29 of module tasks: 1783680
@!@!@ENDMSG 2221 @!@!@
@!@!@STARTMSG 2221:0 @!@!@
  |||line 77, col 40 to line 77, col 51 of module tasks: 1783680
@!@!@ENDMSG 2221 @!@!@
@!@!@STARTMSG 2221:0 @!@!@
  |line 75, col 16 to line 75, col 22 of module tasks: 71226200
@!@!@ENDMSG 2221 @!@!@
@!@!@STARTMSG 2777:0 @!@!@
End of statistics (please note that for performance reasons large models
are best checked with coverage and cost statistics disabled).
@!@!@ENDMSG 2777 @!@!@
@!@!@STARTMSG 2200:0 @!@!@
Progress(5) at 2025-05-02 23:10:25: 75.725.718 states generated (2.744.266 s/min), 73.904.222 distinct states found (2.678.222 ds/min), 73.288.561 states left on queue.
@!@!@ENDMSG 2200 @!@!@
@!@!@STARTMSG 2200:0 @!@!@
Progress(5) at 2025-05-02 23:11:25: 78.640.433 states generated (2.914.715 s/min), 76.748.405 distinct states found (2.844.183 ds/min), 76.109.049 states left on queue.
@!@!@ENDMSG 2200 @!@!@
@!@!@STARTMSG 2201:0 @!@!@
The coverage statistics at 2025-05-02 23:11:25
@!@!@ENDMSG 2201 @!@!@
@!@!@STARTMSG 2773:0 @!@!@
<Init line 15, col 1 to line 15, col 4 of module tasks>: 1:1
@!@!@ENDMSG 2773 @!@!@
@!@!@STARTMSG 2221:0 @!@!@
  line 16, col 8 to line 16, col 20 of module tasks: 1
@!@!@ENDMSG 2221 @!@!@
@!@!@STARTMSG 2221:0 @!@!@
  line 17, col 8 to line 17, col 45 of module tasks: 1
@!@!@ENDMSG 2221 @!@!@
@!@!@STARTMSG 2775:0 @!@!@
  |line 17, col 20 to line 17, col 45 of module tasks: 1:3
@!@!@ENDMSG 2775 @!@!@
@!@!@STARTMSG 2221:0 @!@!@
  ||line 17, col 29 to line 17, col 35 of module tasks: 1
@!@!@ENDMSG 2221 @!@!@
@!@!@STARTMSG 2772:0 @!@!@
<GenerateTask line 32, col 1 to line 32, col 25 of module tasks>: 74852222:76723143
@!@!@ENDMSG 2772 @!@!@
@!@!@STARTMSG 2221:0 @!@!@
  line 33, col 8 to line 33, col 24 of module tasks: 153446293
@!@!@ENDMSG 2221 @!@!@
@!@!@STARTMSG 2221:0 @!@!@
  |line 33, col 8 to line 33, col 10 of module tasks: 76723149
@!@!@ENDMSG 2221 @!@!@
@!@!@STARTMSG 2221:0 @!@!@
  |line 33, col 16 to line 33, col 24 of module tasks: 76723152
@!@!@ENDMSG 2221 @!@!@
@!@!@STARTMSG 2221:0 @!@!@
  line 34, col 8 to line 34, col 30 of module tasks: 153446307
@!@!@ENDMSG 2221 @!@!@
@!@!@STARTMSG 2221:0 @!@!@
  |line 34, col 8 to line 34, col 13 of module tasks: 76723156
@!@!@ENDMSG 2221 @!@!@
@!@!@STARTMSG 2221:0 @!@!@
  |line 34, col 19 to line 34, col 30 of module tasks: 76723158
@!@!@ENDMSG 2221 @!@!@
@!@!@STARTMSG 2221:0 @!@!@
  line 35, col 8 to line 35, col 29 of module tasks: 76723158
@!@!@ENDMSG 2221 @!@!@
@!@!@STARTMSG 2221:0 @!@!@
  |line 35, col 8 to line 35, col 17 of module tasks: 76723161
@!@!@ENDMSG 2221 @!@!@
@!@!@STARTMSG 2221:0 @!@!@
  |line 35, col 21 to line 35, col 29 of module tasks: 76723162
@!@!@ENDMSG 2221 @!@!@
@!@!@STARTMSG 2221:0 @!@!@
  line 36, col 8 to line 36, col 46 of module tasks: 76723161
@!@!@ENDMSG 2221 @!@!@
@!@!@STARTMSG 2221:0 @!@!@
  |line 36, col 17 to line 36, col 46 of module tasks: 76723164
@!@!@ENDMSG 2221 @!@!@
@!@!@STARTMSG 2221:0 @!@!@
  line 37, col 8 to line 37, col 30 of module tasks: 76723145
@!@!@ENDMSG 2221 @!@!@
@!@!@STARTMSG 2772:0 @!@!@
<AssignTask line 39, col 1 to line 39, col 15 of module tasks>: 1896249:1901763
@!@!@ENDMSG 2772 @!@!@
@!@!@STARTMSG 2221:0 @!@!@
  line 21, col 5 to line 21, col 19 of module tasks: 3819840
@!@!@ENDMSG 2221 @!@!@
@!@!@STARTMSG 2221:0 @!@!@
  |line 21, col 5 to line 21, col 7 of module tasks: 1918077
@!@!@ENDMSG 2221 @!@!@
@!@!@STARTMSG 2221:0 @!@!@
  |line 21, col 13 to line 21, col 19 of module tasks: 1918077
@!@!@ENDMSG 2221 @!@!@
@!@!@STARTMSG 2221:0 @!@!@
  line 40, col 19 to line 40, col 21 of module tasks: 1918077
@!@!@ENDMSG 2221 @!@!@
@!@!@STARTMSG 2221:0 @!@!@
  line 41, col 8 to line 41, col 28 of module tasks: 3819840
@!@!@ENDMSG 2221 @!@!@
@!@!@STARTMSG 2221:0 @!@!@
  |line 41, col 8 to line 41, col 21 of module tasks: 1918077
@!@!@ENDMSG 2221 @!@!@
@!@!@STARTMSG 2221:0 @!@!@
  |line 41, col 25 to line 41, col 28 of module tasks: 1918077
@!@!@ENDMSG 2221 @!@!@
@!@!@STARTMSG 2221:0 @!@!@
  line 42, col 8 to line 42, col 21 of module tasks: 3804249
@!@!@ENDMSG 2221 @!@!@
@!@!@STARTMSG 2221:0 @!@!@
  |line 42, col 8 to line 42, col 12 of module tasks: 1902486
@!@!@ENDMSG 2221 @!@!@
@!@!@STARTMSG 2221:0 @!@!@
  |line 42, col 17 to line 42, col 21 of module tasks: 1902486
@!@!@ENDMSG 2221 @!@!@
@!@!@STARTMSG 2221:0 @!@!@
  line 44, col 9 to line 45, col 31 of module tasks: 1901763
@!@!@ENDMSG 2221 @!@!@
@!@!@STARTMSG 2772:0 @!@!@
<CompleteTask line 47, col 1 to line 47, col 17 of module tasks>: 0:15591
@!@!@ENDMSG 2772 @!@!@
@!@!@STARTMSG 2221:0 @!@!@
  line 21, col 5 to line 21, col 19 of module tasks: 1933671
@!@!@ENDMSG 2221 @!@!@
@!@!@STARTMSG 2221:0 @!@!@
  |line 21, col 5 to line 21, col 7 of module tasks: 1918080
@!@!@ENDMSG 2221 @!@!@
@!@!@STARTMSG 2221:0 @!@!@
  |line 21, col 13 to line 21, col 19 of module tasks: 1918080
@!@!@ENDMSG 2221 @!@!@
@!@!@STARTMSG 2221:0 @!@!@
  line 48, col 19 to line 48, col 21 of module tasks: 1918080
@!@!@ENDMSG 2221 @!@!@
@!@!@STARTMSG 2221:0 @!@!@
  line 49, col 8 to line 49, col 29 of module tasks: 1933671
@!@!@ENDMSG 2221 @!@!@
@!@!@STARTMSG 2221:0 @!@!@
  |line 49, col 8 to line 49, col 21 of module tasks: 1918080
@!@!@ENDMSG 2221 @!@!@
@!@!@STARTMSG 2221:0 @!@!@
  |line 49, col 26 to line 49, col 29 of module tasks: 1918080
@!@!@ENDMSG 2221 @!@!@
@!@!@STARTMSG 2221:0 @!@!@
  line 50, col 8 to line 50, col 52 of module tasks: 15591
@!@!@ENDMSG 2221 @!@!@
@!@!@STARTMSG 2221:0 @!@!@
  line 51, col 8 to line 51, col 26 of module tasks: 15591
@!@!@ENDMSG 2221 @!@!@
@!@!@STARTMSG 2774:0 @!@!@
<Inv_TasksNotExceedMax line 71, col 1 to line 71, col 21 of module tasks>
@!@!@ENDMSG 2774 @!@!@
@!@!@STARTMSG 2221:0 @!@!@
  line 72, col 5 to line 72, col 27 of module tasks: 76748560
@!@!@ENDMSG 2221 @!@!@
@!@!@STARTMSG 2774:0 @!@!@
<Inv_BotTasksValid line 74, col 1 to line 74, col 17 of module tasks>
@!@!@ENDMSG 2774 @!@!@
@!@!@STARTMSG 2221:0 @!@!@
  line 75, col 5 to line 77, col 84 of module tasks: 76748565
@!@!@ENDMSG 2221 @!@!@
@!@!@STARTMSG 2221:0 @!@!@
  |line 76, col 9 to line 77, col 84 of module tasks: 230245698
@!@!@ENDMSG 2221 @!@!@
@!@!@STARTMSG 2221:0 @!@!@
  ||line 76, col 9 to line 76, col 29 of module tasks: 230245704
@!@!@ENDMSG 2221 @!@!@
@!@!@STARTMSG 2221:0 @!@!@
  ||line 77, col 10 to line 77, col 83 of module tasks: 1921200
@!@!@ENDMSG 2221 @!@!@
@!@!@STARTMSG 2221:0 @!@!@
  |||line 77, col 55 to line 77, col 83 of module tasks: 44470896
@!@!@ENDMSG 2221 @!@!@
@!@!@STARTMSG 2221:0 @!@!@
  |||line 77, col 21 to line 77, col 29 of module tasks: 1921200
@!@!@ENDMSG 2221 @!@!@
@!@!@STARTMSG 2221:0 @!@!@
  |||line 77, col 40 to line 77, col 51 of module tasks: 1921200
@!@!@ENDMSG 2221 @!@!@
@!@!@STARTMSG 2221:0 @!@!@
  |line 75, col 16 to line 75, col 22 of module tasks: 76748576
@!@!@ENDMSG 2221 @!@!@
@!@!@STARTMSG 2777:0 @!@!@
End of statistics (please note that for performance reasons large models
are best checked with coverage and cost statistics disabled).
@!@!@ENDMSG 2777 @!@!@
@!@!@STARTMSG 2200:0 @!@!@
Progress(5) at 2025-05-02 23:12:25: 81.827.420 states generated (3.186.987 s/min), 79.858.828 distinct states found (3.110.423 ds/min), 79.193.559 states left on queue.
@!@!@ENDMSG 2200 @!@!@
@!@!@STARTMSG 2200:0 @!@!@
Progress(5) at 2025-05-02 23:13:25: 85.029.193 states generated (3.201.773 s/min), 82.983.146 distinct states found (3.124.318 ds/min), 82.291.847 states left on queue.
@!@!@ENDMSG 2200 @!@!@
@!@!@STARTMSG 2201:0 @!@!@
The coverage statistics at 2025-05-02 23:13:25
@!@!@ENDMSG 2201 @!@!@
@!@!@STARTMSG 2773:0 @!@!@
<Init line 15, col 1 to line 15, col 4 of module tasks>: 1:1
@!@!@ENDMSG 2773 @!@!@
@!@!@STARTMSG 2221:0 @!@!@
  line 16, col 8 to line 16, col 20 of module tasks: 1
@!@!@ENDMSG 2221 @!@!@
@!@!@STARTMSG 2221:0 @!@!@
  line 17, col 8 to line 17, col 45 of module tasks: 1
@!@!@ENDMSG 2221 @!@!@
@!@!@STARTMSG 2775:0 @!@!@
  |line 17, col 20 to line 17, col 45 of module tasks: 1:3
@!@!@ENDMSG 2775 @!@!@
@!@!@STARTMSG 2221:0 @!@!@
  ||line 17, col 29 to line 17, col 35 of module tasks: 1
@!@!@ENDMSG 2221 @!@!@
@!@!@STARTMSG 2772:0 @!@!@
<GenerateTask line 32, col 1 to line 32, col 25 of module tasks>: 80933213:82956053
@!@!@ENDMSG 2772 @!@!@
@!@!@STARTMSG 2221:0 @!@!@
  line 33, col 8 to line 33, col 24 of module tasks: 165912111
@!@!@ENDMSG 2221 @!@!@
@!@!@STARTMSG 2221:0 @!@!@
  |line 33, col 8 to line 33, col 10 of module tasks: 82956057
@!@!@ENDMSG 2221 @!@!@
@!@!@STARTMSG 2221:0 @!@!@
  |line 33, col 16 to line 33, col 24 of module tasks: 82956059
@!@!@ENDMSG 2221 @!@!@
@!@!@STARTMSG 2221:0 @!@!@
  line 34, col 8 to line 34, col 30 of module tasks: 165912121
@!@!@ENDMSG 2221 @!@!@
@!@!@STARTMSG 2221:0 @!@!@
  |line 34, col 8 to line 34, col 13 of module tasks: 82956062
@!@!@ENDMSG 2221 @!@!@
@!@!@STARTMSG 2221:0 @!@!@
  |line 34, col 19 to line 34, col 30 of module tasks: 82956062
@!@!@ENDMSG 2221 @!@!@
@!@!@STARTMSG 2221:0 @!@!@
  line 35, col 8 to line 35, col 29 of module tasks: 82956062
@!@!@ENDMSG 2221 @!@!@
@!@!@STARTMSG 2221:0 @!@!@
  |line 35, col 8 to line 35, col 17 of module tasks: 82956063
@!@!@ENDMSG 2221 @!@!@
@!@!@STARTMSG 2221:0 @!@!@
  |line 35, col 21 to line 35, col 29 of module tasks: 82956063
@!@!@ENDMSG 2221 @!@!@
@!@!@STARTMSG 2221:0 @!@!@
  line 36, col 8 to line 36, col 46 of module tasks: 82956062
@!@!@ENDMSG 2221 @!@!@
@!@!@STARTMSG 2221:0 @!@!@
  |line 36, col 17 to line 36, col 46 of module tasks: 82956064
@!@!@ENDMSG 2221 @!@!@
@!@!@STARTMSG 2221:0 @!@!@
  line 37, col 8 to line 37, col 30 of module tasks: 82956055
@!@!@ENDMSG 2221 @!@!@
@!@!@STARTMSG 2772:0 @!@!@
<AssignTask line 39, col 1 to line 39, col 15 of module tasks>: 2049972:2056320
@!@!@ENDMSG 2772 @!@!@
@!@!@STARTMSG 2221:0 @!@!@
  line 21, col 5 to line 21, col 19 of module tasks: 4130220
@!@!@ENDMSG 2221 @!@!@
@!@!@STARTMSG 2221:0 @!@!@
  |line 21, col 5 to line 21, col 7 of module tasks: 2073900
@!@!@ENDMSG 2221 @!@!@
@!@!@STARTMSG 2221:0 @!@!@
  |line 21, col 13 to line 21, col 19 of module tasks: 2073900
@!@!@ENDMSG 2221 @!@!@
@!@!@STARTMSG 2221:0 @!@!@
  line 40, col 19 to line 40, col 21 of module tasks: 2073900
@!@!@ENDMSG 2221 @!@!@
@!@!@STARTMSG 2221:0 @!@!@
  line 41, col 8 to line 41, col 28 of module tasks: 4130220
@!@!@ENDMSG 2221 @!@!@
@!@!@STARTMSG 2221:0 @!@!@
  |line 41, col 8 to line 41, col 21 of module tasks: 2073900
@!@!@ENDMSG 2221 @!@!@
@!@!@STARTMSG 2221:0 @!@!@
  |line 41, col 25 to line 41, col 28 of module tasks: 2073900
@!@!@ENDMSG 2221 @!@!@
@!@!@STARTMSG 2221:0 @!@!@
  line 42, col 8 to line 42, col 21 of module tasks: 4113363
@!@!@ENDMSG 2221 @!@!@
@!@!@STARTMSG 2221:0 @!@!@
  |line 42, col 8 to line 42, col 12 of module tasks: 2057043
@!@!@ENDMSG 2221 @!@!@
@!@!@STARTMSG 2221:0 @!@!@
  |line 42, col 17 to line 42, col 21 of module tasks: 2057043
@!@!@ENDMSG 2221 @!@!@
@!@!@STARTMSG 2221:0 @!@!@
  line 44, col 9 to line 45, col 31 of module tasks: 2056320
@!@!@ENDMSG 2221 @!@!@
@!@!@STARTMSG 2772:0 @!@!@
<CompleteTask line 47, col 1 to line 47, col 17 of module tasks>: 0:16857
@!@!@ENDMSG 2772 @!@!@
@!@!@STARTMSG 2221:0 @!@!@
  line 21, col 5 to line 21, col 19 of module tasks: 2090757
@!@!@ENDMSG 2221 @!@!@
@!@!@STARTMSG 2221:0 @!@!@
  |line 21, col 5 to line 21, col 7 of module tasks: 2073900
@!@!@ENDMSG 2221 @!@!@
@!@!@STARTMSG 2221:0 @!@!@
  |line 21, col 13 to line 21, col 19 of module tasks: 2073900
@!@!@ENDMSG 2221 @!@!@
@!@!@STARTMSG 2221:0 @!@!@
  line 48, col 19 to line 48, col 21 of module tasks: 2073900
@!@!@ENDMSG 2221 @!@!@
@!@!@STARTMSG 2221:0 @!@!@
  line 49, col 8 to line 49, col 29 of module tasks: 2090757
@!@!@ENDMSG 2221 @!@!@
@!@!@STARTMSG 2221:0 @!@!@
  |line 49, col 8 to line 49, col 21 of module tasks: 2073900
@!@!@ENDMSG 2221 @!@!@
@!@!@STARTMSG 2221:0 @!@!@
  |line 49, col 26 to line 49, col 29 of module tasks: 2073900
@!@!@ENDMSG 2221 @!@!@
@!@!@STARTMSG 2221:0 @!@!@
  line 50, col 8 to line 50, col 52 of module tasks: 16857
@!@!@ENDMSG 2221 @!@!@
@!@!@STARTMSG 2221:0 @!@!@
  line 51, col 8 to line 51, col 26 of module tasks: 16857
@!@!@ENDMSG 2221 @!@!@
@!@!@STARTMSG 2774:0 @!@!@
<Inv_TasksNotExceedMax line 71, col 1 to line 71, col 21 of module tasks>
@!@!@ENDMSG 2774 @!@!@
@!@!@STARTMSG 2221:0 @!@!@
  line 72, col 5 to line 72, col 27 of module tasks: 82983251
@!@!@ENDMSG 2221 @!@!@
@!@!@STARTMSG 2774:0 @!@!@
<Inv_BotTasksValid line 74, col 1 to line 74, col 17 of module tasks>
@!@!@ENDMSG 2774 @!@!@
@!@!@STARTMSG 2221:0 @!@!@
  line 75, col 5 to line 77, col 84 of module tasks: 82983254
@!@!@ENDMSG 2221 @!@!@
@!@!@STARTMSG 2221:0 @!@!@
  |line 76, col 9 to line 77, col 84 of module tasks: 248949765
@!@!@ENDMSG 2221 @!@!@
@!@!@STARTMSG 2221:0 @!@!@
  ||line 76, col 9 to line 76, col 29 of module tasks: 248949768
@!@!@ENDMSG 2221 @!@!@
@!@!@STARTMSG 2221:0 @!@!@
  |||line 76, col 9 to line 76, col 22 of module tasks: 248949774
@!@!@ENDMSG 2221 @!@!@
@!@!@STARTMSG 2221:0 @!@!@
  ||||line 76, col 9 to line 76, col 17 of module tasks: 248949780
@!@!@ENDMSG 2221 @!@!@
@!@!@STARTMSG 2221:0 @!@!@
  ||||line 76, col 19 to line 76, col 21 of module tasks: 248949786
@!@!@ENDMSG 2221 @!@!@
@!@!@STARTMSG 2221:0 @!@!@
  |||line 76, col 26 to line 76, col 29 of module tasks: 248949792
@!@!@ENDMSG 2221 @!@!@
@!@!@STARTMSG 2221:0 @!@!@
  ||line 77, col 10 to line 77, col 83 of module tasks: 2076621
@!@!@ENDMSG 2221 @!@!@
@!@!@STARTMSG 2221:0 @!@!@
  |||line 77, col 55 to line 77, col 83 of module tasks: 51456822
@!@!@ENDMSG 2221 @!@!@
@!@!@STARTMSG 2221:0 @!@!@
  |||line 77, col 21 to line 77, col 29 of module tasks: 2076621
@!@!@ENDMSG 2221 @!@!@
@!@!@STARTMSG 2221:0 @!@!@
  |||line 77, col 40 to line 77, col 51 of module tasks: 2076621
@!@!@ENDMSG 2221 @!@!@
@!@!@STARTMSG 2221:0 @!@!@
  |line 75, col 16 to line 75, col 22 of module tasks: 82983272
@!@!@ENDMSG 2221 @!@!@
@!@!@STARTMSG 2777:0 @!@!@
End of statistics (please note that for performance reasons large models
are best checked with coverage and cost statistics disabled).
@!@!@ENDMSG 2777 @!@!@
@!@!@STARTMSG 2200:0 @!@!@
Progress(5) at 2025-05-02 23:14:25: 88.412.115 states generated (3.382.922 s/min), 86.284.555 distinct states found (3.301.409 ds/min), 85.565.755 states left on queue.
@!@!@ENDMSG 2200 @!@!@
@!@!@STARTMSG 2200:0 @!@!@
Progress(5) at 2025-05-02 23:15:25: 91.563.814 states generated (3.151.699 s/min), 89.359.800 distinct states found (3.075.245 ds/min), 88.615.375 states left on queue.
@!@!@ENDMSG 2200 @!@!@
@!@!@STARTMSG 2201:0 @!@!@
The coverage statistics at 2025-05-02 23:15:25
@!@!@ENDMSG 2201 @!@!@
@!@!@STARTMSG 2773:0 @!@!@
<Init line 15, col 1 to line 15, col 4 of module tasks>: 1:1
@!@!@ENDMSG 2773 @!@!@
@!@!@STARTMSG 2221:0 @!@!@
  line 16, col 8 to line 16, col 20 of module tasks: 1
@!@!@ENDMSG 2221 @!@!@
@!@!@STARTMSG 2221:0 @!@!@
  line 17, col 8 to line 17, col 45 of module tasks: 1
@!@!@ENDMSG 2221 @!@!@
@!@!@STARTMSG 2775:0 @!@!@
  |line 17, col 20 to line 17, col 45 of module tasks: 1:3
@!@!@ENDMSG 2775 @!@!@
@!@!@STARTMSG 2221:0 @!@!@
  ||line 17, col 29 to line 17, col 35 of module tasks: 1
@!@!@ENDMSG 2221 @!@!@
@!@!@STARTMSG 2772:0 @!@!@
<GenerateTask line 32, col 1 to line 32, col 25 of module tasks>: 87152930:89331291
@!@!@ENDMSG 2772 @!@!@
@!@!@STARTMSG 2221:0 @!@!@
  line 33, col 8 to line 33, col 24 of module tasks: 178662587
@!@!@ENDMSG 2221 @!@!@
@!@!@STARTMSG 2221:0 @!@!@
  |line 33, col 8 to line 33, col 10 of module tasks: 89331296
@!@!@ENDMSG 2221 @!@!@
@!@!@STARTMSG 2221:0 @!@!@
  |line 33, col 16 to line 33, col 24 of module tasks: 89331298
@!@!@ENDMSG 2221 @!@!@
@!@!@STARTMSG 2221:0 @!@!@
  line 34, col 8 to line 34, col 30 of module tasks: 178662597
@!@!@ENDMSG 2221 @!@!@
@!@!@STARTMSG 2221:0 @!@!@
  |line 34, col 8 to line 34, col 13 of module tasks: 89331300
@!@!@ENDMSG 2221 @!@!@
@!@!@STARTMSG 2221:0 @!@!@
  |line 34, col 19 to line 34, col 30 of module tasks: 89331302
@!@!@ENDMSG 2221 @!@!@
@!@!@STARTMSG 2221:0 @!@!@
  line 35, col 8 to line 35, col 29 of module tasks: 89331303
@!@!@ENDMSG 2221 @!@!@
@!@!@STARTMSG 2221:0 @!@!@
  |line 35, col 8 to line 35, col 17 of module tasks: 89331305
@!@!@ENDMSG 2221 @!@!@
@!@!@STARTMSG 2221:0 @!@!@
  |line 35, col 21 to line 35, col 29 of module tasks: 89331307
@!@!@ENDMSG 2221 @!@!@
@!@!@STARTMSG 2221:0 @!@!@
  line 36, col 8 to line 36, col 46 of module tasks: 89331307
@!@!@ENDMSG 2221 @!@!@
@!@!@STARTMSG 2221:0 @!@!@
  |line 36, col 17 to line 36, col 46 of module tasks: 89331310
@!@!@ENDMSG 2221 @!@!@
@!@!@STARTMSG 2221:0 @!@!@
  line 37, col 8 to line 37, col 30 of module tasks: 89331293
@!@!@ENDMSG 2221 @!@!@
@!@!@STARTMSG 2772:0 @!@!@
<AssignTask line 39, col 1 to line 39, col 15 of module tasks>: 2206905:2214405
@!@!@ENDMSG 2772 @!@!@
@!@!@STARTMSG 2221:0 @!@!@
  line 21, col 5 to line 21, col 19 of module tasks: 4447686
@!@!@ENDMSG 2221 @!@!@
@!@!@STARTMSG 2221:0 @!@!@
  |line 21, col 5 to line 21, col 7 of module tasks: 2233281
@!@!@ENDMSG 2221 @!@!@
@!@!@STARTMSG 2221:0 @!@!@
  |line 21, col 13 to line 21, col 19 of module tasks: 2233281
@!@!@ENDMSG 2221 @!@!@
@!@!@STARTMSG 2221:0 @!@!@
  line 40, col 19 to line 40, col 21 of module tasks: 2233281
@!@!@ENDMSG 2221 @!@!@
@!@!@STARTMSG 2221:0 @!@!@
  line 41, col 8 to line 41, col 28 of module tasks: 4447686
@!@!@ENDMSG 2221 @!@!@
@!@!@STARTMSG 2221:0 @!@!@
  |line 41, col 8 to line 41, col 21 of module tasks: 2233281
@!@!@ENDMSG 2221 @!@!@
@!@!@STARTMSG 2221:0 @!@!@
  |line 41, col 25 to line 41, col 28 of module tasks: 2233281
@!@!@ENDMSG 2221 @!@!@
@!@!@STARTMSG 2221:0 @!@!@
  line 42, col 8 to line 42, col 21 of module tasks: 4429533
@!@!@ENDMSG 2221 @!@!@
@!@!@STARTMSG 2221:0 @!@!@
  |line 42, col 8 to line 42, col 12 of module tasks: 2215128
@!@!@ENDMSG 2221 @!@!@
@!@!@STARTMSG 2221:0 @!@!@
  |line 42, col 17 to line 42, col 21 of module tasks: 2215128
@!@!@ENDMSG 2221 @!@!@
@!@!@STARTMSG 2221:0 @!@!@
  line 44, col 9 to line 45, col 31 of module tasks: 2214405
@!@!@ENDMSG 2221 @!@!@
@!@!@STARTMSG 2772:0 @!@!@
<CompleteTask line 47, col 1 to line 47, col 17 of module tasks>: 0:18153
@!@!@ENDMSG 2772 @!@!@
@!@!@STARTMSG 2221:0 @!@!@
  line 21, col 5 to line 21, col 19 of module tasks: 2251434
@!@!@ENDMSG 2221 @!@!@
@!@!@STARTMSG 2221:0 @!@!@
  |line 21, col 5 to line 21, col 7 of module tasks: 2233281
@!@!@ENDMSG 2221 @!@!@
@!@!@STARTMSG 2221:0 @!@!@
  |line 21, col 13 to line 21, col 19 of module tasks: 2233281
@!@!@ENDMSG 2221 @!@!@
@!@!@STARTMSG 2221:0 @!@!@
  line 48, col 19 to line 48, col 21 of module tasks: 2233281
@!@!@ENDMSG 2221 @!@!@
@!@!@STARTMSG 2221:0 @!@!@
  line 49, col 8 to line 49, col 29 of module tasks: 2251434
@!@!@ENDMSG 2221 @!@!@
@!@!@STARTMSG 2221:0 @!@!@
  |line 49, col 8 to line 49, col 21 of module tasks: 2233281
@!@!@ENDMSG 2221 @!@!@
@!@!@STARTMSG 2221:0 @!@!@
  |line 49, col 26 to line 49, col 29 of module tasks: 2233281
@!@!@ENDMSG 2221 @!@!@
@!@!@STARTMSG 2221:0 @!@!@
  line 50, col 8 to line 50, col 52 of module tasks: 18153
@!@!@ENDMSG 2221 @!@!@
@!@!@STARTMSG 2221:0 @!@!@
  line 51, col 8 to line 51, col 26 of module tasks: 18153
@!@!@ENDMSG 2221 @!@!@
@!@!@STARTMSG 2774:0 @!@!@
<Inv_TasksNotExceedMax line 71, col 1 to line 71, col 21 of module tasks>
@!@!@ENDMSG 2774 @!@!@
@!@!@STARTMSG 2221:0 @!@!@
  line 72, col 5 to line 72, col 27 of module tasks: 89359890
@!@!@ENDMSG 2221 @!@!@
@!@!@STARTMSG 2774:0 @!@!@
<Inv_BotTasksValid line 74, col 1 to line 74, col 17 of module tasks>
@!@!@ENDMSG 2774 @!@!@
@!@!@STARTMSG 2221:0 @!@!@
  line 75, col 5 to line 77, col 84 of module tasks: 89359891
@!@!@ENDMSG 2221 @!@!@
@!@!@STARTMSG 2221:0 @!@!@
  |line 76, col 9 to line 77, col 84 of module tasks: 268079676
@!@!@ENDMSG 2221 @!@!@
@!@!@STARTMSG 2221:0 @!@!@
  ||line 76, col 9 to line 76, col 29 of module tasks: 268079679
@!@!@ENDMSG 2221 @!@!@
@!@!@STARTMSG 2221:0 @!@!@
  ||line 77, col 10 to line 77, col 83 of module tasks: 2234991
@!@!@ENDMSG 2221 @!@!@
@!@!@STARTMSG 2221:0 @!@!@
  |||line 77, col 55 to line 77, col 83 of module tasks: 59135526
@!@!@ENDMSG 2221 @!@!@
@!@!@STARTMSG 2221:0 @!@!@
  |||line 77, col 21 to line 77, col 29 of module tasks: 2234991
@!@!@ENDMSG 2221 @!@!@
@!@!@STARTMSG 2221:0 @!@!@
  |||line 77, col 40 to line 77, col 51 of module tasks: 2234991
@!@!@ENDMSG 2221 @!@!@
@!@!@STARTMSG 2221:0 @!@!@
  |line 75, col 16 to line 75, col 22 of module tasks: 89359902
@!@!@ENDMSG 2221 @!@!@
@!@!@STARTMSG 2777:0 @!@!@
End of statistics (please note that for performance reasons large models
are best checked with coverage and cost statistics disabled).
@!@!@ENDMSG 2777 @!@!@
@!@!@STARTMSG 2200:0 @!@!@
Progress(5) at 2025-05-02 23:16:25: 94.859.069 states generated (3.295.255 s/min), 92.575.442 distinct states found (3.215.642 ds/min), 91.804.228 states left on queue.
@!@!@ENDMSG 2200 @!@!@
@!@!@STARTMSG 2200:0 @!@!@
Progress(5) at 2025-05-02 23:17:25: 98.314.739 states generated (3.455.670 s/min), 95.947.797 distinct states found (3.372.355 ds/min), 95.148.487 states left on queue.
@!@!@ENDMSG 2200 @!@!@
@!@!@STARTMSG 2201:0 @!@!@
The coverage statistics at 2025-05-02 23:17:25
@!@!@ENDMSG 2201 @!@!@
@!@!@STARTMSG 2773:0 @!@!@
<Init line 15, col 1 to line 15, col 4 of module tasks>: 1:1
@!@!@ENDMSG 2773 @!@!@
@!@!@STARTMSG 2221:0 @!@!@
  line 16, col 8 to line 16, col 20 of module tasks: 1
@!@!@ENDMSG 2221 @!@!@
@!@!@STARTMSG 2221:0 @!@!@
  line 17, col 8 to line 17, col 45 of module tasks: 1
@!@!@ENDMSG 2221 @!@!@
@!@!@STARTMSG 2775:0 @!@!@
  |line 17, col 20 to line 17, col 45 of module tasks: 1:3
@!@!@ENDMSG 2775 @!@!@
@!@!@STARTMSG 2221:0 @!@!@
  ||line 17, col 29 to line 17, col 35 of module tasks: 1
@!@!@ENDMSG 2221 @!@!@
@!@!@STARTMSG 2772:0 @!@!@
<GenerateTask line 32, col 1 to line 32, col 25 of module tasks>: 93578643:95917564
@!@!@ENDMSG 2772 @!@!@
@!@!@STARTMSG 2221:0 @!@!@
  line 33, col 8 to line 33, col 24 of module tasks: 191835133
@!@!@ENDMSG 2221 @!@!@
@!@!@STARTMSG 2221:0 @!@!@
  |line 33, col 8 to line 33, col 10 of module tasks: 95917569
@!@!@ENDMSG 2221 @!@!@
@!@!@STARTMSG 2221:0 @!@!@
  |line 33, col 16 to line 33, col 24 of module tasks: 95917570
@!@!@ENDMSG 2221 @!@!@
@!@!@STARTMSG 2221:0 @!@!@
  line 34, col 8 to line 34, col 30 of module tasks: 191835143
@!@!@ENDMSG 2221 @!@!@
@!@!@STARTMSG 2221:0 @!@!@
  |line 34, col 8 to line 34, col 13 of module tasks: 95917574
@!@!@ENDMSG 2221 @!@!@
@!@!@STARTMSG 2221:0 @!@!@
  |line 34, col 19 to line 34, col 30 of module tasks: 95917576
@!@!@ENDMSG 2221 @!@!@
@!@!@STARTMSG 2221:0 @!@!@
  line 35, col 8 to line 35, col 29 of module tasks: 95917577
@!@!@ENDMSG 2221 @!@!@
@!@!@STARTMSG 2221:0 @!@!@
  |line 35, col 8 to line 35, col 17 of module tasks: 95917578
@!@!@ENDMSG 2221 @!@!@
@!@!@STARTMSG 2221:0 @!@!@
  |line 35, col 21 to line 35, col 29 of module tasks: 95917581
@!@!@ENDMSG 2221 @!@!@
@!@!@STARTMSG 2221:0 @!@!@
  line 36, col 8 to line 36, col 46 of module tasks: 95917582
@!@!@ENDMSG 2221 @!@!@
@!@!@STARTMSG 2221:0 @!@!@
  |line 36, col 17 to line 36, col 46 of module tasks: 95917584
@!@!@ENDMSG 2221 @!@!@
@!@!@STARTMSG 2221:0 @!@!@
  line 37, col 8 to line 37, col 30 of module tasks: 95917566
@!@!@ENDMSG 2221 @!@!@
@!@!@STARTMSG 2772:0 @!@!@
<AssignTask line 39, col 1 to line 39, col 15 of module tasks>: 2369196:2377725
@!@!@ENDMSG 2772 @!@!@
@!@!@STARTMSG 2221:0 @!@!@
  line 21, col 5 to line 21, col 19 of module tasks: 4775664
@!@!@ENDMSG 2221 @!@!@
@!@!@STARTMSG 2221:0 @!@!@
  |line 21, col 5 to line 21, col 7 of module tasks: 2397939
@!@!@ENDMSG 2221 @!@!@
@!@!@STARTMSG 2221:0 @!@!@
  |line 21, col 13 to line 21, col 19 of module tasks: 2397939
@!@!@ENDMSG 2221 @!@!@
@!@!@STARTMSG 2221:0 @!@!@
  line 40, col 19 to line 40, col 21 of module tasks: 2397939
@!@!@ENDMSG 2221 @!@!@
@!@!@STARTMSG 2221:0 @!@!@
  line 41, col 8 to line 41, col 28 of module tasks: 4775664
@!@!@ENDMSG 2221 @!@!@
@!@!@STARTMSG 2221:0 @!@!@
  |line 41, col 8 to line 41, col 21 of module tasks: 2397939
@!@!@ENDMSG 2221 @!@!@
@!@!@STARTMSG 2221:0 @!@!@
  |line 41, col 25 to line 41, col 28 of module tasks: 2397939
@!@!@ENDMSG 2221 @!@!@
@!@!@STARTMSG 2221:0 @!@!@
  line 42, col 8 to line 42, col 21 of module tasks: 4756173
@!@!@ENDMSG 2221 @!@!@
@!@!@STARTMSG 2221:0 @!@!@
  |line 42, col 8 to line 42, col 12 of module tasks: 2378448
@!@!@ENDMSG 2221 @!@!@
@!@!@STARTMSG 2221:0 @!@!@
  |line 42, col 17 to line 42, col 21 of module tasks: 2378448
@!@!@ENDMSG 2221 @!@!@
@!@!@STARTMSG 2221:0 @!@!@
  line 44, col 9 to line 45, col 31 of module tasks: 2377725
@!@!@ENDMSG 2221 @!@!@
@!@!@STARTMSG 2772:0 @!@!@
<CompleteTask line 47, col 1 to line 47, col 17 of module tasks>: 0:19491
@!@!@ENDMSG 2772 @!@!@
@!@!@STARTMSG 2221:0 @!@!@
  line 21, col 5 to line 21, col 19 of module tasks: 2417430
@!@!@ENDMSG 2221 @!@!@
@!@!@STARTMSG 2221:0 @!@!@
  |line 21, col 5 to line 21, col 7 of module tasks: 2397939
@!@!@ENDMSG 2221 @!@!@
@!@!@STARTMSG 2221:0 @!@!@
  |line 21, col 13 to line 21, col 19 of module tasks: 2397939
@!@!@ENDMSG 2221 @!@!@
@!@!@STARTMSG 2221:0 @!@!@
  line 48, col 19 to line 48, col 21 of module tasks: 2397939
@!@!@ENDMSG 2221 @!@!@
@!@!@STARTMSG 2221:0 @!@!@
  line 49, col 8 to line 49, col 29 of module tasks: 2417430
@!@!@ENDMSG 2221 @!@!@
@!@!@STARTMSG 2221:0 @!@!@
  |line 49, col 8 to line 49, col 21 of module tasks: 2397939
@!@!@ENDMSG 2221 @!@!@
@!@!@STARTMSG 2221:0 @!@!@
  |line 49, col 26 to line 49, col 29 of module tasks: 2397939
@!@!@ENDMSG 2221 @!@!@
@!@!@STARTMSG 2221:0 @!@!@
  line 50, col 8 to line 50, col 52 of module tasks: 19491
@!@!@ENDMSG 2221 @!@!@
@!@!@STARTMSG 2221:0 @!@!@
  line 51, col 8 to line 51, col 26 of module tasks: 19491
@!@!@ENDMSG 2221 @!@!@
@!@!@STARTMSG 2774:0 @!@!@
<Inv_TasksNotExceedMax line 71, col 1 to line 71, col 21 of module tasks>
@!@!@ENDMSG 2774 @!@!@
@!@!@STARTMSG 2221:0 @!@!@
  line 72, col 5 to line 72, col 27 of module tasks: 95947911
@!@!@ENDMSG 2221 @!@!@
@!@!@STARTMSG 2774:0 @!@!@
<Inv_BotTasksValid line 74, col 1 to line 74, col 17 of module tasks>
@!@!@ENDMSG 2774 @!@!@
@!@!@STARTMSG 2221:0 @!@!@
  line 75, col 5 to line 77, col 84 of module tasks: 95947929
@!@!@ENDMSG 2221 @!@!@
@!@!@STARTMSG 2221:0 @!@!@
  |line 76, col 9 to line 77, col 84 of module tasks: 287843805
@!@!@ENDMSG 2221 @!@!@
@!@!@STARTMSG 2221:0 @!@!@
  ||line 76, col 9 to line 76, col 29 of module tasks: 287843811
@!@!@ENDMSG 2221 @!@!@
@!@!@STARTMSG 2221:0 @!@!@
  ||line 77, col 10 to line 77, col 83 of module tasks: 2398929
@!@!@ENDMSG 2221 @!@!@
@!@!@STARTMSG 2221:0 @!@!@
  |||line 77, col 55 to line 77, col 83 of module tasks: 67678884
@!@!@ENDMSG 2221 @!@!@
@!@!@STARTMSG 2221:0 @!@!@
  |||line 77, col 21 to line 77, col 29 of module tasks: 2398929
@!@!@ENDMSG 2221 @!@!@
@!@!@STARTMSG 2221:0 @!@!@
  |||line 77, col 40 to line 77, col 51 of module tasks: 2398929
@!@!@ENDMSG 2221 @!@!@
@!@!@STARTMSG 2221:0 @!@!@
  |line 75, col 16 to line 75, col 22 of module tasks: 95947940
@!@!@ENDMSG 2221 @!@!@
@!@!@STARTMSG 2777:0 @!@!@
End of statistics (please note that for performance reasons large models
are best checked with coverage and cost statistics disabled).
@!@!@ENDMSG 2777 @!@!@
@!@!@STARTMSG 2200:0 @!@!@
Progress(5) at 2025-05-02 23:18:25: 101.391.732 states generated (3.076.993 s/min), 98.950.555 distinct states found (3.002.758 ds/min), 98.126.229 states left on queue.
@!@!@ENDMSG 2200 @!@!@
@!@!@STARTMSG 2200:0 @!@!@
Progress(5) at 2025-05-02 23:19:25: 105.100.409 states generated (3.708.677 s/min), 102.569.263 distinct states found (3.618.708 ds/min), 101.714.783 states left on queue.
@!@!@ENDMSG 2200 @!@!@
@!@!@STARTMSG 2201:0 @!@!@
The coverage statistics at 2025-05-02 23:19:25
@!@!@ENDMSG 2201 @!@!@
@!@!@STARTMSG 2773:0 @!@!@
<Init line 15, col 1 to line 15, col 4 of module tasks>: 1:1
@!@!@ENDMSG 2773 @!@!@
@!@!@STARTMSG 2221:0 @!@!@
  line 16, col 8 to line 16, col 20 of module tasks: 1
@!@!@ENDMSG 2221 @!@!@
@!@!@STARTMSG 2221:0 @!@!@
  line 17, col 8 to line 17, col 45 of module tasks: 1
@!@!@ENDMSG 2221 @!@!@
@!@!@STARTMSG 2775:0 @!@!@
  |line 17, col 20 to line 17, col 45 of module tasks: 1:3
@!@!@ENDMSG 2775 @!@!@
@!@!@STARTMSG 2221:0 @!@!@
  ||line 17, col 29 to line 17, col 35 of module tasks: 1
@!@!@ENDMSG 2221 @!@!@
@!@!@STARTMSG 2772:0 @!@!@
<GenerateTask line 32, col 1 to line 32, col 25 of module tasks>: 100037169:102537729
@!@!@ENDMSG 2772 @!@!@
@!@!@STARTMSG 2221:0 @!@!@
  line 33, col 8 to line 33, col 24 of module tasks: 205075463
@!@!@ENDMSG 2221 @!@!@
@!@!@STARTMSG 2221:0 @!@!@
  |line 33, col 8 to line 33, col 10 of module tasks: 102537734
@!@!@ENDMSG 2221 @!@!@
@!@!@STARTMSG 2221:0 @!@!@
  |line 33, col 16 to line 33, col 24 of module tasks: 102537735
@!@!@ENDMSG 2221 @!@!@
@!@!@STARTMSG 2221:0 @!@!@
  line 34, col 8 to line 34, col 30 of module tasks: 205075471
@!@!@ENDMSG 2221 @!@!@
@!@!@STARTMSG 2221:0 @!@!@
  |line 34, col 8 to line 34, col 13 of module tasks: 102537737
@!@!@ENDMSG 2221 @!@!@
@!@!@STARTMSG 2221:0 @!@!@
  |line 34, col 19 to line 34, col 30 of module tasks: 102537739
@!@!@ENDMSG 2221 @!@!@
@!@!@STARTMSG 2221:0 @!@!@
  line 35, col 8 to line 35, col 29 of module tasks: 102537739
@!@!@ENDMSG 2221 @!@!@
@!@!@STARTMSG 2221:0 @!@!@
  |line 35, col 8 to line 35, col 17 of module tasks: 102537741
@!@!@ENDMSG 2221 @!@!@
@!@!@STARTMSG 2221:0 @!@!@
  |line 35, col 21 to line 35, col 29 of module tasks: 102537742
@!@!@ENDMSG 2221 @!@!@
@!@!@STARTMSG 2221:0 @!@!@
  line 36, col 8 to line 36, col 46 of module tasks: 102537742
@!@!@ENDMSG 2221 @!@!@
@!@!@STARTMSG 2221:0 @!@!@
  |line 36, col 17 to line 36, col 46 of module tasks: 102537744
@!@!@ENDMSG 2221 @!@!@
@!@!@STARTMSG 2221:0 @!@!@
  ||line 36, col 24 to line 36, col 28 of module tasks: 102537745
@!@!@ENDMSG 2221 @!@!@
@!@!@STARTMSG 2221:0 @!@!@
  ||line 36, col 31 to line 36, col 45 of module tasks: 102537746
@!@!@ENDMSG 2221 @!@!@
@!@!@STARTMSG 2221:0 @!@!@
  line 37, col 8 to line 37, col 30 of module tasks: 102537731
@!@!@ENDMSG 2221 @!@!@
@!@!@STARTMSG 2772:0 @!@!@
<AssignTask line 39, col 1 to line 39, col 15 of module tasks>: 2532135:2541882
@!@!@ENDMSG 2772 @!@!@
@!@!@STARTMSG 2221:0 @!@!@
  line 21, col 5 to line 21, col 19 of module tasks: 5105325
@!@!@ENDMSG 2221 @!@!@
@!@!@STARTMSG 2221:0 @!@!@
  |line 21, col 5 to line 21, col 7 of module tasks: 2563443
@!@!@ENDMSG 2221 @!@!@
@!@!@STARTMSG 2221:0 @!@!@
  |line 21, col 13 to line 21, col 19 of module tasks: 2563443
@!@!@ENDMSG 2221 @!@!@
@!@!@STARTMSG 2221:0 @!@!@
  line 40, col 19 to line 40, col 21 of module tasks: 2563443
@!@!@ENDMSG 2221 @!@!@
@!@!@STARTMSG 2221:0 @!@!@
  line 41, col 8 to line 41, col 28 of module tasks: 5105325
@!@!@ENDMSG 2221 @!@!@
@!@!@STARTMSG 2221:0 @!@!@
  |line 41, col 8 to line 41, col 21 of module tasks: 2563443
@!@!@ENDMSG 2221 @!@!@
@!@!@STARTMSG 2221:0 @!@!@
  |line 41, col 25 to line 41, col 28 of module tasks: 2563443
@!@!@ENDMSG 2221 @!@!@
@!@!@STARTMSG 2221:0 @!@!@
  line 42, col 8 to line 42, col 21 of module tasks: 5084487
@!@!@ENDMSG 2221 @!@!@
@!@!@STARTMSG 2221:0 @!@!@
  |line 42, col 8 to line 42, col 12 of module tasks: 2542605
@!@!@ENDMSG 2221 @!@!@
@!@!@STARTMSG 2221:0 @!@!@
  |line 42, col 17 to line 42, col 21 of module tasks: 2542605
@!@!@ENDMSG 2221 @!@!@
@!@!@STARTMSG 2221:0 @!@!@
  line 44, col 9 to line 45, col 31 of module tasks: 2541882
@!@!@ENDMSG 2221 @!@!@
@!@!@STARTMSG 2772:0 @!@!@
<CompleteTask line 47, col 1 to line 47, col 17 of module tasks>: 0:20838
@!@!@ENDMSG 2772 @!@!@
@!@!@STARTMSG 2221:0 @!@!@
  line 21, col 5 to line 21, col 19 of module tasks: 2584281
@!@!@ENDMSG 2221 @!@!@
@!@!@STARTMSG 2221:0 @!@!@
  |line 21, col 5 to line 21, col 7 of module tasks: 2563443
@!@!@ENDMSG 2221 @!@!@
@!@!@STARTMSG 2221:0 @!@!@
  |line 21, col 13 to line 21, col 19 of module tasks: 2563443
@!@!@ENDMSG 2221 @!@!@
@!@!@STARTMSG 2221:0 @!@!@
  line 48, col 19 to line 48, col 21 of module tasks: 2563443
@!@!@ENDMSG 2221 @!@!@
@!@!@STARTMSG 2221:0 @!@!@
  line 49, col 8 to line 49, col 29 of module tasks: 2584281
@!@!@ENDMSG 2221 @!@!@
@!@!@STARTMSG 2221:0 @!@!@
  |line 49, col 8 to line 49, col 21 of module tasks: 2563443
@!@!@ENDMSG 2221 @!@!@
@!@!@STARTMSG 2221:0 @!@!@
  |line 49, col 26 to line 49, col 29 of module tasks: 2563443
@!@!@ENDMSG 2221 @!@!@
@!@!@STARTMSG 2221:0 @!@!@
  line 50, col 8 to line 50, col 52 of module tasks: 20838
@!@!@ENDMSG 2221 @!@!@
@!@!@STARTMSG 2221:0 @!@!@
  line 51, col 8 to line 51, col 26 of module tasks: 20838
@!@!@ENDMSG 2221 @!@!@
@!@!@STARTMSG 2774:0 @!@!@
<Inv_TasksNotExceedMax line 71, col 1 to line 71, col 21 of module tasks>
@!@!@ENDMSG 2774 @!@!@
@!@!@STARTMSG 2221:0 @!@!@
  line 72, col 5 to line 72, col 27 of module tasks: 102569348
@!@!@ENDMSG 2221 @!@!@
@!@!@STARTMSG 2774:0 @!@!@
<Inv_BotTasksValid line 74, col 1 to line 74, col 17 of module tasks>
@!@!@ENDMSG 2774 @!@!@
@!@!@STARTMSG 2221:0 @!@!@
  line 75, col 5 to line 77, col 84 of module tasks: 102569350
@!@!@ENDMSG 2221 @!@!@
@!@!@STARTMSG 2221:0 @!@!@
  |line 76, col 9 to line 77, col 84 of module tasks: 307708053
@!@!@ENDMSG 2221 @!@!@
@!@!@STARTMSG 2221:0 @!@!@
  ||line 76, col 9 to line 76, col 29 of module tasks: 307708056
@!@!@ENDMSG 2221 @!@!@
@!@!@STARTMSG 2221:0 @!@!@
  ||line 77, col 10 to line 77, col 83 of module tasks: 2563344
@!@!@ENDMSG 2221 @!@!@
@!@!@STARTMSG 2221:0 @!@!@
  |||line 77, col 55 to line 77, col 83 of module tasks: 76851474
@!@!@ENDMSG 2221 @!@!@
@!@!@STARTMSG 2221:0 @!@!@
  |||line 77, col 21 to line 77, col 29 of module tasks: 2563344
@!@!@ENDMSG 2221 @!@!@
@!@!@STARTMSG 2221:0 @!@!@
  |||line 77, col 40 to line 77, col 51 of module tasks: 2563344
@!@!@ENDMSG 2221 @!@!@
@!@!@STARTMSG 2221:0 @!@!@
  |line 75, col 16 to line 75, col 22 of module tasks: 102569356
@!@!@ENDMSG 2221 @!@!@
@!@!@STARTMSG 2777:0 @!@!@
End of statistics (please note that for performance reasons large models
are best checked with coverage and cost statistics disabled).
@!@!@ENDMSG 2777 @!@!@
@!@!@STARTMSG 2200:0 @!@!@
Progress(5) at 2025-05-02 23:20:25: 108.691.822 states generated (3.591.413 s/min), 106.073.947 distinct states found (3.504.684 ds/min), 105.190.270 states left on queue.
@!@!@ENDMSG 2200 @!@!@
@!@!@STARTMSG 2200:0 @!@!@
Progress(5) at 2025-05-02 23:21:25: 112.413.474 states generated (3.721.652 s/min), 109.705.581 distinct states found (3.631.634 ds/min), 108.791.649 states left on queue.
@!@!@ENDMSG 2200 @!@!@
@!@!@STARTMSG 2201:0 @!@!@
The coverage statistics at 2025-05-02 23:21:25
@!@!@ENDMSG 2201 @!@!@
@!@!@STARTMSG 2773:0 @!@!@
<Init line 15, col 1 to line 15, col 4 of module tasks>: 1:1
@!@!@ENDMSG 2773 @!@!@
@!@!@STARTMSG 2221:0 @!@!@
  line 16, col 8 to line 16, col 20 of module tasks: 1
@!@!@ENDMSG 2221 @!@!@
@!@!@STARTMSG 2221:0 @!@!@
  line 17, col 8 to line 17, col 45 of module tasks: 1
@!@!@ENDMSG 2221 @!@!@
@!@!@STARTMSG 2775:0 @!@!@
  |line 17, col 20 to line 17, col 45 of module tasks: 1:3
@!@!@ENDMSG 2775 @!@!@
@!@!@STARTMSG 2221:0 @!@!@
  ||line 17, col 29 to line 17, col 35 of module tasks: 1
@!@!@ENDMSG 2221 @!@!@
@!@!@STARTMSG 2772:0 @!@!@
<GenerateTask line 32, col 1 to line 32, col 25 of module tasks>: 106997982:109672423
@!@!@ENDMSG 2772 @!@!@
@!@!@STARTMSG 2221:0 @!@!@
  line 33, col 8 to line 33, col 24 of module tasks: 219344853
@!@!@ENDMSG 2221 @!@!@
@!@!@STARTMSG 2221:0 @!@!@
  |line 33, col 8 to line 33, col 10 of module tasks: 109672428
@!@!@ENDMSG 2221 @!@!@
@!@!@STARTMSG 2221:0 @!@!@
  |line 33, col 16 to line 33, col 24 of module tasks: 109672429
@!@!@ENDMSG 2221 @!@!@
@!@!@STARTMSG 2221:0 @!@!@
  line 34, col 8 to line 34, col 30 of module tasks: 219344859
@!@!@ENDMSG 2221 @!@!@
@!@!@STARTMSG 2221:0 @!@!@
  |line 34, col 8 to line 34, col 13 of module tasks: 109672431
@!@!@ENDMSG 2221 @!@!@
@!@!@STARTMSG 2221:0 @!@!@
  |line 34, col 19 to line 34, col 30 of module tasks: 109672432
@!@!@ENDMSG 2221 @!@!@
@!@!@STARTMSG 2221:0 @!@!@
  line 35, col 8 to line 35, col 29 of module tasks: 109672431
@!@!@ENDMSG 2221 @!@!@
@!@!@STARTMSG 2221:0 @!@!@
  |line 35, col 8 to line 35, col 17 of module tasks: 109672432
@!@!@ENDMSG 2221 @!@!@
@!@!@STARTMSG 2221:0 @!@!@
  |line 35, col 21 to line 35, col 29 of module tasks: 109672433
@!@!@ENDMSG 2221 @!@!@
@!@!@STARTMSG 2221:0 @!@!@
  line 36, col 8 to line 36, col 46 of module tasks: 109672432
@!@!@ENDMSG 2221 @!@!@
@!@!@STARTMSG 2221:0 @!@!@
  |line 36, col 17 to line 36, col 46 of module tasks: 109672433
@!@!@ENDMSG 2221 @!@!@
@!@!@STARTMSG 2221:0 @!@!@
  line 37, col 8 to line 37, col 30 of module tasks: 109672426
@!@!@ENDMSG 2221 @!@!@
@!@!@STARTMSG 2772:0 @!@!@
<AssignTask line 39, col 1 to line 39, col 15 of module tasks>: 2707635:2718798
@!@!@ENDMSG 2772 @!@!@
@!@!@STARTMSG 2221:0 @!@!@
  line 21, col 5 to line 21, col 19 of module tasks: 5460607
@!@!@ENDMSG 2221 @!@!@
@!@!@STARTMSG 2221:0 @!@!@
  |line 21, col 5 to line 21, col 7 of module tasks: 2741810
@!@!@ENDMSG 2221 @!@!@
@!@!@STARTMSG 2221:0 @!@!@
  |line 21, col 13 to line 21, col 19 of module tasks: 2741810
@!@!@ENDMSG 2221 @!@!@
@!@!@STARTMSG 2221:0 @!@!@
  line 40, col 19 to line 40, col 21 of module tasks: 2741811
@!@!@ENDMSG 2221 @!@!@
@!@!@STARTMSG 2221:0 @!@!@
  line 41, col 8 to line 41, col 28 of module tasks: 5460611
@!@!@ENDMSG 2221 @!@!@
@!@!@STARTMSG 2221:0 @!@!@
  |line 41, col 8 to line 41, col 21 of module tasks: 2741811
@!@!@ENDMSG 2221 @!@!@
@!@!@STARTMSG 2221:0 @!@!@
  |line 41, col 25 to line 41, col 28 of module tasks: 2741811
@!@!@ENDMSG 2221 @!@!@
@!@!@STARTMSG 2221:0 @!@!@
  line 42, col 8 to line 42, col 21 of module tasks: 5438325
@!@!@ENDMSG 2221 @!@!@
@!@!@STARTMSG 2221:0 @!@!@
  |line 42, col 8 to line 42, col 12 of module tasks: 2719524
@!@!@ENDMSG 2221 @!@!@
@!@!@STARTMSG 2221:0 @!@!@
  |line 42, col 17 to line 42, col 21 of module tasks: 2719524
@!@!@ENDMSG 2221 @!@!@
@!@!@STARTMSG 2221:0 @!@!@
  line 44, col 12 to line 44, col 56 of module tasks: 2718801
@!@!@ENDMSG 2221 @!@!@
@!@!@STARTMSG 2221:0 @!@!@
  |line 44, col 25 to line 44, col 56 of module tasks: 2718801
@!@!@ENDMSG 2221 @!@!@
@!@!@STARTMSG 2221:0 @!@!@
  line 45, col 12 to line 45, col 31 of module tasks: 2718801
@!@!@ENDMSG 2221 @!@!@
@!@!@STARTMSG 2221:0 @!@!@
  |line 45, col 21 to line 45, col 31 of module tasks: 2718801
@!@!@ENDMSG 2221 @!@!@
@!@!@STARTMSG 2772:0 @!@!@
<CompleteTask line 47, col 1 to line 47, col 17 of module tasks>: 0:22287
@!@!@ENDMSG 2772 @!@!@
@!@!@STARTMSG 2221:0 @!@!@
  line 21, col 5 to line 21, col 19 of module tasks: 2764098
@!@!@ENDMSG 2221 @!@!@
@!@!@STARTMSG 2221:0 @!@!@
  |line 21, col 5 to line 21, col 7 of module tasks: 2741811
@!@!@ENDMSG 2221 @!@!@
@!@!@STARTMSG 2221:0 @!@!@
  |line 21, col 13 to line 21, col 19 of module tasks: 2741811
@!@!@ENDMSG 2221 @!@!@
@!@!@STARTMSG 2221:0 @!@!@
  line 48, col 19 to line 48, col 21 of module tasks: 2741811
@!@!@ENDMSG 2221 @!@!@
@!@!@STARTMSG 2221:0 @!@!@
  line 49, col 8 to line 49, col 29 of module tasks: 2764098
@!@!@ENDMSG 2221 @!@!@
@!@!@STARTMSG 2221:0 @!@!@
  |line 49, col 8 to line 49, col 21 of module tasks: 2741811
@!@!@ENDMSG 2221 @!@!@
@!@!@STARTMSG 2221:0 @!@!@
  |line 49, col 26 to line 49, col 29 of module tasks: 2741811
@!@!@ENDMSG 2221 @!@!@
@!@!@STARTMSG 2221:0 @!@!@
  line 50, col 8 to line 50, col 52 of module tasks: 22287
@!@!@ENDMSG 2221 @!@!@
@!@!@STARTMSG 2221:0 @!@!@
  line 51, col 8 to line 51, col 26 of module tasks: 22287
@!@!@ENDMSG 2221 @!@!@
@!@!@STARTMSG 2774:0 @!@!@
<Inv_TasksNotExceedMax line 71, col 1 to line 71, col 21 of module tasks>
@!@!@ENDMSG 2774 @!@!@
@!@!@STARTMSG 2221:0 @!@!@
  line 72, col 5 to line 72, col 27 of module tasks: 109705664
@!@!@ENDMSG 2221 @!@!@
@!@!@STARTMSG 2221:0 @!@!@
  |line 72, col 5 to line 72, col 14 of module tasks: 109705665
@!@!@ENDMSG 2221 @!@!@
@!@!@STARTMSG 2221:0 @!@!@
  |line 72, col 19 to line 72, col 27 of module tasks: 109705666
@!@!@ENDMSG 2221 @!@!@
@!@!@STARTMSG 2774:0 @!@!@
<Inv_BotTasksValid line 74, col 1 to line 74, col 17 of module tasks>
@!@!@ENDMSG 2774 @!@!@
@!@!@STARTMSG 2221:0 @!@!@
  line 75, col 5 to line 77, col 84 of module tasks: 109705670
@!@!@ENDMSG 2221 @!@!@
@!@!@STARTMSG 2221:0 @!@!@
  |line 76, col 9 to line 77, col 84 of module tasks: 329117010
@!@!@ENDMSG 2221 @!@!@
@!@!@STARTMSG 2221:0 @!@!@
  ||line 76, col 9 to line 76, col 29 of module tasks: 329117013
@!@!@ENDMSG 2221 @!@!@
@!@!@STARTMSG 2221:0 @!@!@
  ||line 77, col 10 to line 77, col 83 of module tasks: 2740329
@!@!@ENDMSG 2221 @!@!@
@!@!@STARTMSG 2221:0 @!@!@
  |||line 77, col 55 to line 77, col 83 of module tasks: 87408945
@!@!@ENDMSG 2221 @!@!@
@!@!@STARTMSG 2221:0 @!@!@
  |||line 77, col 21 to line 77, col 29 of module tasks: 2740329
@!@!@ENDMSG 2221 @!@!@
@!@!@STARTMSG 2221:0 @!@!@
  |||line 77, col 40 to line 77, col 51 of module tasks: 2740329
@!@!@ENDMSG 2221 @!@!@
@!@!@STARTMSG 2221:0 @!@!@
  |line 75, col 16 to line 75, col 22 of module tasks: 109705683
@!@!@ENDMSG 2221 @!@!@
@!@!@STARTMSG 2777:0 @!@!@
End of statistics (please note that for performance reasons large models
are best checked with coverage and cost statistics disabled).
@!@!@ENDMSG 2777 @!@!@
@!@!@STARTMSG 2200:0 @!@!@
Progress(5) at 2025-05-02 23:22:25: 115.934.359 states generated (3.520.885 s/min), 113.141.144 distinct states found (3.435.563 ds/min), 112.198.586 states left on queue.
@!@!@ENDMSG 2200 @!@!@
@!@!@STARTMSG 2200:0 @!@!@
Progress(5) at 2025-05-02 23:23:25: 119.309.460 states generated (3.375.101 s/min), 116.434.527 distinct states found (3.293.383 ds/min), 115.464.530 states left on queue.
@!@!@ENDMSG 2200 @!@!@
@!@!@STARTMSG 2201:0 @!@!@
The coverage statistics at 2025-05-02 23:23:25
@!@!@ENDMSG 2201 @!@!@
@!@!@STARTMSG 2773:0 @!@!@
<Init line 15, col 1 to line 15, col 4 of module tasks>: 1:1
@!@!@ENDMSG 2773 @!@!@
@!@!@STARTMSG 2221:0 @!@!@
  line 16, col 8 to line 16, col 20 of module tasks: 1
@!@!@ENDMSG 2221 @!@!@
@!@!@STARTMSG 2221:0 @!@!@
  line 17, col 8 to line 17, col 45 of module tasks: 1
@!@!@ENDMSG 2221 @!@!@
@!@!@STARTMSG 2775:0 @!@!@
  |line 17, col 20 to line 17, col 45 of module tasks: 1:3
@!@!@ENDMSG 2775 @!@!@
@!@!@STARTMSG 2221:0 @!@!@
  ||line 17, col 29 to line 17, col 35 of module tasks: 1
@!@!@ENDMSG 2221 @!@!@
@!@!@STARTMSG 2772:0 @!@!@
<GenerateTask line 32, col 1 to line 32, col 25 of module tasks>: 113561621:116400222
@!@!@ENDMSG 2772 @!@!@
@!@!@STARTMSG 2221:0 @!@!@
  line 33, col 8 to line 33, col 24 of module tasks: 232800449
@!@!@ENDMSG 2221 @!@!@
@!@!@STARTMSG 2221:0 @!@!@
  |line 33, col 8 to line 33, col 10 of module tasks: 116400225
@!@!@ENDMSG 2221 @!@!@
@!@!@STARTMSG 2221:0 @!@!@
  |line 33, col 16 to line 33, col 24 of module tasks: 116400225
@!@!@ENDMSG 2221 @!@!@
@!@!@STARTMSG 2221:0 @!@!@
  line 34, col 8 to line 34, col 30 of module tasks: 232800449
@!@!@ENDMSG 2221 @!@!@
@!@!@STARTMSG 2221:0 @!@!@
  |line 34, col 8 to line 34, col 13 of module tasks: 116400226
@!@!@ENDMSG 2221 @!@!@
@!@!@STARTMSG 2221:0 @!@!@
  |line 34, col 19 to line 34, col 30 of module tasks: 116400226
@!@!@ENDMSG 2221 @!@!@
@!@!@STARTMSG 2221:0 @!@!@
  line 35, col 8 to line 35, col 29 of module tasks: 116400226
@!@!@ENDMSG 2221 @!@!@
@!@!@STARTMSG 2221:0 @!@!@
  |line 35, col 8 to line 35, col 17 of module tasks: 116400227
@!@!@ENDMSG 2221 @!@!@
@!@!@STARTMSG 2221:0 @!@!@
  |line 35, col 21 to line 35, col 29 of module tasks: 116400228
@!@!@ENDMSG 2221 @!@!@
@!@!@STARTMSG 2221:0 @!@!@
  line 36, col 8 to line 36, col 46 of module tasks: 116400228
@!@!@ENDMSG 2221 @!@!@
@!@!@STARTMSG 2221:0 @!@!@
  |line 36, col 17 to line 36, col 46 of module tasks: 116400230
@!@!@ENDMSG 2221 @!@!@
@!@!@STARTMSG 2221:0 @!@!@
  ||line 36, col 24 to line 36, col 28 of module tasks: 116400230
@!@!@ENDMSG 2221 @!@!@
@!@!@STARTMSG 2221:0 @!@!@
  ||line 36, col 31 to line 36, col 45 of module tasks: 116400231
@!@!@ENDMSG 2221 @!@!@
@!@!@STARTMSG 2221:0 @!@!@
  |||line 36, col 33 to line 36, col 35 of module tasks: 116400231
@!@!@ENDMSG 2221 @!@!@
@!@!@STARTMSG 2221:0 @!@!@
  |||line 36, col 38 to line 36, col 43 of module tasks: 116400231
@!@!@ENDMSG 2221 @!@!@
@!@!@STARTMSG 2221:0 @!@!@
  line 37, col 8 to line 37, col 30 of module tasks: 116400224
@!@!@ENDMSG 2221 @!@!@
@!@!@STARTMSG 2772:0 @!@!@
<AssignTask line 39, col 1 to line 39, col 15 of module tasks>: 2872950:2885625
@!@!@ENDMSG 2772 @!@!@
@!@!@STARTMSG 2221:0 @!@!@
  line 21, col 5 to line 21, col 19 of module tasks: 5795628
@!@!@ENDMSG 2221 @!@!@
@!@!@STARTMSG 2221:0 @!@!@
  |line 21, col 5 to line 21, col 7 of module tasks: 2910003
@!@!@ENDMSG 2221 @!@!@
@!@!@STARTMSG 2221:0 @!@!@
  |line 21, col 13 to line 21, col 19 of module tasks: 2910003
@!@!@ENDMSG 2221 @!@!@
@!@!@STARTMSG 2221:0 @!@!@
  line 40, col 19 to line 40, col 21 of module tasks: 2910004
@!@!@ENDMSG 2221 @!@!@
@!@!@STARTMSG 2221:0 @!@!@
  line 41, col 8 to line 41, col 28 of module tasks: 5795629
@!@!@ENDMSG 2221 @!@!@
@!@!@STARTMSG 2221:0 @!@!@
  |line 41, col 8 to line 41, col 21 of module tasks: 2910004
@!@!@ENDMSG 2221 @!@!@
@!@!@STARTMSG 2221:0 @!@!@
  |line 41, col 25 to line 41, col 28 of module tasks: 2910004
@!@!@ENDMSG 2221 @!@!@
@!@!@STARTMSG 2221:0 @!@!@
  line 42, col 8 to line 42, col 21 of module tasks: 5771976
@!@!@ENDMSG 2221 @!@!@
@!@!@STARTMSG 2221:0 @!@!@
  |line 42, col 8 to line 42, col 12 of module tasks: 2886350
@!@!@ENDMSG 2221 @!@!@
@!@!@STARTMSG 2221:0 @!@!@
  |line 42, col 17 to line 42, col 21 of module tasks: 2886350
@!@!@ENDMSG 2221 @!@!@
@!@!@STARTMSG 2221:0 @!@!@
  line 44, col 9 to line 45, col 31 of module tasks: 2885625
@!@!@ENDMSG 2221 @!@!@
@!@!@STARTMSG 2772:0 @!@!@
<CompleteTask line 47, col 1 to line 47, col 17 of module tasks>: 0:23655
@!@!@ENDMSG 2772 @!@!@
@!@!@STARTMSG 2221:0 @!@!@
  line 21, col 5 to line 21, col 19 of module tasks: 2933661
@!@!@ENDMSG 2221 @!@!@
@!@!@STARTMSG 2221:0 @!@!@
  |line 21, col 5 to line 21, col 7 of module tasks: 2910006
@!@!@ENDMSG 2221 @!@!@
@!@!@STARTMSG 2221:0 @!@!@
  |line 21, col 13 to line 21, col 19 of module tasks: 2910006
@!@!@ENDMSG 2221 @!@!@
@!@!@STARTMSG 2221:0 @!@!@
  line 48, col 19 to line 48, col 21 of module tasks: 2910006
@!@!@ENDMSG 2221 @!@!@
@!@!@STARTMSG 2221:0 @!@!@
  line 49, col 8 to line 49, col 29 of module tasks: 2933661
@!@!@ENDMSG 2221 @!@!@
@!@!@STARTMSG 2221:0 @!@!@
  |line 49, col 8 to line 49, col 21 of module tasks: 2910006
@!@!@ENDMSG 2221 @!@!@
@!@!@STARTMSG 2221:0 @!@!@
  |line 49, col 26 to line 49, col 29 of module tasks: 2910006
@!@!@ENDMSG 2221 @!@!@
@!@!@STARTMSG 2221:0 @!@!@
  line 50, col 8 to line 50, col 52 of module tasks: 23655
@!@!@ENDMSG 2221 @!@!@
@!@!@STARTMSG 2221:0 @!@!@
  line 51, col 8 to line 51, col 26 of module tasks: 23655
@!@!@ENDMSG 2221 @!@!@
@!@!@STARTMSG 2774:0 @!@!@
<Inv_TasksNotExceedMax line 71, col 1 to line 71, col 21 of module tasks>
@!@!@ENDMSG 2774 @!@!@
@!@!@STARTMSG 2221:0 @!@!@
  line 72, col 5 to line 72, col 27 of module tasks: 116434609
@!@!@ENDMSG 2221 @!@!@
@!@!@STARTMSG 2221:0 @!@!@
  |line 72, col 5 to line 72, col 14 of module tasks: 116434609
@!@!@ENDMSG 2221 @!@!@
@!@!@STARTMSG 2221:0 @!@!@
  ||line 72, col 9 to line 72, col 13 of module tasks: 116434610
@!@!@ENDMSG 2221 @!@!@
@!@!@STARTMSG 2221:0 @!@!@
  |line 72, col 19 to line 72, col 27 of module tasks: 116434610
@!@!@ENDMSG 2221 @!@!@
@!@!@STARTMSG 2774:0 @!@!@
<Inv_BotTasksValid line 74, col 1 to line 74, col 17 of module tasks>
@!@!@ENDMSG 2774 @!@!@
@!@!@STARTMSG 2221:0 @!@!@
  line 75, col 5 to line 77, col 84 of module tasks: 116434613
@!@!@ENDMSG 2221 @!@!@
@!@!@STARTMSG 2221:0 @!@!@
  |line 76, col 9 to line 77, col 84 of module tasks: 349303842
@!@!@ENDMSG 2221 @!@!@
@!@!@STARTMSG 2221:0 @!@!@
  ||line 76, col 9 to line 76, col 29 of module tasks: 349303842
@!@!@ENDMSG 2221 @!@!@
@!@!@STARTMSG 2221:0 @!@!@
  ||line 77, col 10 to line 77, col 83 of module tasks: 2906868
@!@!@ENDMSG 2221 @!@!@
@!@!@STARTMSG 2221:0 @!@!@
  |||line 77, col 55 to line 77, col 83 of module tasks: 97989420
@!@!@ENDMSG 2221 @!@!@
@!@!@STARTMSG 2221:0 @!@!@
  |||line 77, col 21 to line 77, col 29 of module tasks: 2906868
@!@!@ENDMSG 2221 @!@!@
@!@!@STARTMSG 2221:0 @!@!@
  |||line 77, col 40 to line 77, col 51 of module tasks: 2906868
@!@!@ENDMSG 2221 @!@!@
@!@!@STARTMSG 2221:0 @!@!@
  |line 75, col 16 to line 75, col 22 of module tasks: 116434617
@!@!@ENDMSG 2221 @!@!@
@!@!@STARTMSG 2777:0 @!@!@
End of statistics (please note that for performance reasons large models
are best checked with coverage and cost statistics disabled).
@!@!@ENDMSG 2777 @!@!@
@!@!@STARTMSG 2200:0 @!@!@
Progress(5) at 2025-05-02 23:24:25: 122.253.410 states generated (2.943.950 s/min), 119.307.429 distinct states found (2.872.902 ds/min), 118.313.496 states left on queue.
@!@!@ENDMSG 2200 @!@!@
@!@!@STARTMSG 2200:0 @!@!@
Progress(5) at 2025-05-02 23:25:25: 125.703.067 states generated (3.449.657 s/min), 122.673.591 distinct states found (3.366.162 ds/min), 121.651.610 states left on queue.
@!@!@ENDMSG 2200 @!@!@
@!@!@STARTMSG 2201:0 @!@!@
The coverage statistics at 2025-05-02 23:25:25
@!@!@ENDMSG 2201 @!@!@
@!@!@STARTMSG 2773:0 @!@!@
<Init line 15, col 1 to line 15, col 4 of module tasks>: 1:1
@!@!@ENDMSG 2773 @!@!@
@!@!@STARTMSG 2221:0 @!@!@
  line 16, col 8 to line 16, col 20 of module tasks: 1
@!@!@ENDMSG 2221 @!@!@
@!@!@STARTMSG 2221:0 @!@!@
  line 17, col 8 to line 17, col 45 of module tasks: 1
@!@!@ENDMSG 2221 @!@!@
@!@!@STARTMSG 2775:0 @!@!@
  |line 17, col 20 to line 17, col 45 of module tasks: 1:3
@!@!@ENDMSG 2775 @!@!@
@!@!@STARTMSG 2221:0 @!@!@
  ||line 17, col 29 to line 17, col 35 of module tasks: 1
@!@!@ENDMSG 2221 @!@!@
@!@!@STARTMSG 2772:0 @!@!@
<GenerateTask line 32, col 1 to line 32, col 25 of module tasks>: 119647367:122637888
@!@!@ENDMSG 2772 @!@!@
@!@!@STARTMSG 2221:0 @!@!@
  line 33, col 8 to line 33, col 24 of module tasks: 245275781
@!@!@ENDMSG 2221 @!@!@
@!@!@STARTMSG 2221:0 @!@!@
  |line 33, col 8 to line 33, col 10 of module tasks: 122637892
@!@!@ENDMSG 2221 @!@!@
@!@!@STARTMSG 2221:0 @!@!@
  |line 33, col 16 to line 33, col 24 of module tasks: 122637892
@!@!@ENDMSG 2221 @!@!@
@!@!@STARTMSG 2221:0 @!@!@
  line 34, col 8 to line 34, col 30 of module tasks: 245275785
@!@!@ENDMSG 2221 @!@!@
@!@!@STARTMSG 2221:0 @!@!@
  |line 34, col 8 to line 34, col 13 of module tasks: 122637894
@!@!@ENDMSG 2221 @!@!@
@!@!@STARTMSG 2221:0 @!@!@
  |line 34, col 19 to line 34, col 30 of module tasks: 122637895
@!@!@ENDMSG 2221 @!@!@
@!@!@STARTMSG 2221:0 @!@!@
  line 35, col 8 to line 35, col 29 of module tasks: 122637895
@!@!@ENDMSG 2221 @!@!@
@!@!@STARTMSG 2221:0 @!@!@
  |line 35, col 8 to line 35, col 17 of module tasks: 122637897
@!@!@ENDMSG 2221 @!@!@
@!@!@STARTMSG 2221:0 @!@!@
  |line 35, col 21 to line 35, col 29 of module tasks: 122637897
@!@!@ENDMSG 2221 @!@!@
@!@!@STARTMSG 2221:0 @!@!@
  line 36, col 8 to line 36, col 46 of module tasks: 122637897
@!@!@ENDMSG 2221 @!@!@
@!@!@STARTMSG 2221:0 @!@!@
  |line 36, col 17 to line 36, col 46 of module tasks: 122637899
@!@!@ENDMSG 2221 @!@!@
@!@!@STARTMSG 2221:0 @!@!@
  line 37, col 8 to line 37, col 30 of module tasks: 122637889
@!@!@ENDMSG 2221 @!@!@
@!@!@STARTMSG 2772:0 @!@!@
<AssignTask line 39, col 1 to line 39, col 15 of module tasks>: 3026268:3040302
@!@!@ENDMSG 2772 @!@!@
@!@!@STARTMSG 2221:0 @!@!@
  line 21, col 5 to line 21, col 19 of module tasks: 6106248
@!@!@ENDMSG 2221 @!@!@
@!@!@STARTMSG 2221:0 @!@!@
  |line 21, col 5 to line 21, col 7 of module tasks: 3065946
@!@!@ENDMSG 2221 @!@!@
@!@!@STARTMSG 2221:0 @!@!@
  |line 21, col 13 to line 21, col 19 of module tasks: 3065946
@!@!@ENDMSG 2221 @!@!@
@!@!@STARTMSG 2221:0 @!@!@
  line 40, col 19 to line 40, col 21 of module tasks: 3065946
@!@!@ENDMSG 2221 @!@!@
@!@!@STARTMSG 2221:0 @!@!@
  line 41, col 8 to line 41, col 28 of module tasks: 6106248
@!@!@ENDMSG 2221 @!@!@
@!@!@STARTMSG 2221:0 @!@!@
  |line 41, col 8 to line 41, col 21 of module tasks: 3065946
@!@!@ENDMSG 2221 @!@!@
@!@!@STARTMSG 2221:0 @!@!@
  |line 41, col 25 to line 41, col 28 of module tasks: 3065946
@!@!@ENDMSG 2221 @!@!@
@!@!@STARTMSG 2221:0 @!@!@
  line 42, col 8 to line 42, col 21 of module tasks: 6081327
@!@!@ENDMSG 2221 @!@!@
@!@!@STARTMSG 2221:0 @!@!@
  |line 42, col 8 to line 42, col 12 of module tasks: 3041025
@!@!@ENDMSG 2221 @!@!@
@!@!@STARTMSG 2221:0 @!@!@
  |line 42, col 17 to line 42, col 21 of module tasks: 3041025
@!@!@ENDMSG 2221 @!@!@
@!@!@STARTMSG 2221:0 @!@!@
  line 44, col 9 to line 45, col 31 of module tasks: 3040302
@!@!@ENDMSG 2221 @!@!@
@!@!@STARTMSG 2772:0 @!@!@
<CompleteTask line 47, col 1 to line 47, col 17 of module tasks>: 0:24921
@!@!@ENDMSG 2772 @!@!@
@!@!@STARTMSG 2221:0 @!@!@
  line 21, col 5 to line 21, col 19 of module tasks: 3090867
@!@!@ENDMSG 2221 @!@!@
@!@!@STARTMSG 2221:0 @!@!@
  |line 21, col 5 to line 21, col 7 of module tasks: 3065946
@!@!@ENDMSG 2221 @!@!@
@!@!@STARTMSG 2221:0 @!@!@
  |line 21, col 13 to line 21, col 19 of module tasks: 3065946
@!@!@ENDMSG 2221 @!@!@
@!@!@STARTMSG 2221:0 @!@!@
  line 48, col 19 to line 48, col 21 of module tasks: 3065946
@!@!@ENDMSG 2221 @!@!@
@!@!@STARTMSG 2221:0 @!@!@
  line 49, col 8 to line 49, col 29 of module tasks: 3090867
@!@!@ENDMSG 2221 @!@!@
@!@!@STARTMSG 2221:0 @!@!@
  |line 49, col 8 to line 49, col 21 of module tasks: 3065946
@!@!@ENDMSG 2221 @!@!@
@!@!@STARTMSG 2221:0 @!@!@
  |line 49, col 26 to line 49, col 29 of module tasks: 3065946
@!@!@ENDMSG 2221 @!@!@
@!@!@STARTMSG 2221:0 @!@!@
  line 50, col 8 to line 50, col 52 of module tasks: 24921
@!@!@ENDMSG 2221 @!@!@
@!@!@STARTMSG 2221:0 @!@!@
  line 51, col 8 to line 51, col 26 of module tasks: 24921
@!@!@ENDMSG 2221 @!@!@
@!@!@STARTMSG 2774:0 @!@!@
<Inv_TasksNotExceedMax line 71, col 1 to line 71, col 21 of module tasks>
@!@!@ENDMSG 2774 @!@!@
@!@!@STARTMSG 2221:0 @!@!@
  line 72, col 5 to line 72, col 27 of module tasks: 122673686
@!@!@ENDMSG 2221 @!@!@
@!@!@STARTMSG 2774:0 @!@!@
<Inv_BotTasksValid line 74, col 1 to line 74, col 17 of module tasks>
@!@!@ENDMSG 2774 @!@!@
@!@!@STARTMSG 2221:0 @!@!@
  line 75, col 5 to line 77, col 84 of module tasks: 122673692
@!@!@ENDMSG 2221 @!@!@
@!@!@STARTMSG 2221:0 @!@!@
  |line 76, col 9 to line 77, col 84 of module tasks: 368021082
@!@!@ENDMSG 2221 @!@!@
@!@!@STARTMSG 2221:0 @!@!@
  ||line 76, col 9 to line 76, col 29 of module tasks: 368021086
@!@!@ENDMSG 2221 @!@!@
@!@!@STARTMSG 2221:0 @!@!@
  |||line 76, col 9 to line 76, col 22 of module tasks: 368021091
@!@!@ENDMSG 2221 @!@!@
@!@!@STARTMSG 2221:0 @!@!@
  |||line 76, col 26 to line 76, col 29 of module tasks: 368021094
@!@!@ENDMSG 2221 @!@!@
@!@!@STARTMSG 2221:0 @!@!@
  ||line 77, col 10 to line 77, col 83 of module tasks: 3061356
@!@!@ENDMSG 2221 @!@!@
@!@!@STARTMSG 2221:0 @!@!@
  |||line 77, col 55 to line 77, col 83 of module tasks: 108367992
@!@!@ENDMSG 2221 @!@!@
@!@!@STARTMSG 2221:0 @!@!@
  |||line 77, col 21 to line 77, col 29 of module tasks: 3061356
@!@!@ENDMSG 2221 @!@!@
@!@!@STARTMSG 2221:0 @!@!@
  |||line 77, col 40 to line 77, col 51 of module tasks: 3061356
@!@!@ENDMSG 2221 @!@!@
@!@!@STARTMSG 2221:0 @!@!@
  |line 75, col 16 to line 75, col 22 of module tasks: 122673703
@!@!@ENDMSG 2221 @!@!@
@!@!@STARTMSG 2777:0 @!@!@
End of statistics (please note that for performance reasons large models
are best checked with coverage and cost statistics disabled).
@!@!@ENDMSG 2777 @!@!@
@!@!@STARTMSG 2200:0 @!@!@
Progress(5) at 2025-05-02 23:26:25: 129.255.291 states generated (3.552.224 s/min), 126.139.711 distinct states found (3.466.120 ds/min), 125.088.853 states left on queue.
@!@!@ENDMSG 2200 @!@!@
@!@!@STARTMSG 2200:0 @!@!@
Progress(5) at 2025-05-02 23:27:25: 132.931.078 states generated (3.675.787 s/min), 129.726.420 distinct states found (3.586.709 ds/min), 128.645.676 states left on queue.
@!@!@ENDMSG 2200 @!@!@
@!@!@STARTMSG 2201:0 @!@!@
The coverage statistics at 2025-05-02 23:27:25
@!@!@ENDMSG 2201 @!@!@
@!@!@STARTMSG 2773:0 @!@!@
<Init line 15, col 1 to line 15, col 4 of module tasks>: 1:1
@!@!@ENDMSG 2773 @!@!@
@!@!@STARTMSG 2221:0 @!@!@
  line 16, col 8 to line 16, col 20 of module tasks: 1
@!@!@ENDMSG 2221 @!@!@
@!@!@STARTMSG 2221:0 @!@!@
  line 17, col 8 to line 17, col 45 of module tasks: 1
@!@!@ENDMSG 2221 @!@!@
@!@!@STARTMSG 2775:0 @!@!@
  |line 17, col 20 to line 17, col 45 of module tasks: 1:3
@!@!@ENDMSG 2775 @!@!@
@!@!@STARTMSG 2221:0 @!@!@
  ||line 17, col 29 to line 17, col 35 of module tasks: 1
@!@!@ENDMSG 2221 @!@!@
@!@!@STARTMSG 2772:0 @!@!@
<GenerateTask line 32, col 1 to line 32, col 25 of module tasks>: 126527007:129689608
@!@!@ENDMSG 2772 @!@!@
@!@!@STARTMSG 2221:0 @!@!@
  line 33, col 8 to line 33, col 24 of module tasks: 259379219
@!@!@ENDMSG 2221 @!@!@
@!@!@STARTMSG 2221:0 @!@!@
  |line 33, col 8 to line 33, col 10 of module tasks: 129689611
@!@!@ENDMSG 2221 @!@!@
@!@!@STARTMSG 2221:0 @!@!@
  |line 33, col 16 to line 33, col 24 of module tasks: 129689612
@!@!@ENDMSG 2221 @!@!@
@!@!@STARTMSG 2221:0 @!@!@
  line 34, col 8 to line 34, col 30 of module tasks: 259379224
@!@!@ENDMSG 2221 @!@!@
@!@!@STARTMSG 2221:0 @!@!@
  |line 34, col 8 to line 34, col 13 of module tasks: 129689613
@!@!@ENDMSG 2221 @!@!@
@!@!@STARTMSG 2221:0 @!@!@
  |line 34, col 19 to line 34, col 30 of module tasks: 129689614
@!@!@ENDMSG 2221 @!@!@
@!@!@STARTMSG 2221:0 @!@!@
  line 35, col 8 to line 35, col 29 of module tasks: 129689614
@!@!@ENDMSG 2221 @!@!@
@!@!@STARTMSG 2221:0 @!@!@
  |line 35, col 8 to line 35, col 17 of module tasks: 129689615
@!@!@ENDMSG 2221 @!@!@
@!@!@STARTMSG 2221:0 @!@!@
  |line 35, col 21 to line 35, col 29 of module tasks: 129689615
@!@!@ENDMSG 2221 @!@!@
@!@!@STARTMSG 2221:0 @!@!@
  line 36, col 8 to line 36, col 46 of module tasks: 129689614
@!@!@ENDMSG 2221 @!@!@
@!@!@STARTMSG 2221:0 @!@!@
  |line 36, col 17 to line 36, col 46 of module tasks: 129689616
@!@!@ENDMSG 2221 @!@!@
@!@!@STARTMSG 2221:0 @!@!@
  line 37, col 8 to line 37, col 30 of module tasks: 129689609
@!@!@ENDMSG 2221 @!@!@
@!@!@STARTMSG 2772:0 @!@!@
<AssignTask line 39, col 1 to line 39, col 15 of module tasks>: 3199458:3215160
@!@!@ENDMSG 2772 @!@!@
@!@!@STARTMSG 2221:0 @!@!@
  line 21, col 5 to line 21, col 19 of module tasks: 6457398
@!@!@ENDMSG 2221 @!@!@
@!@!@STARTMSG 2221:0 @!@!@
  |line 21, col 5 to line 21, col 7 of module tasks: 3242238
@!@!@ENDMSG 2221 @!@!@
@!@!@STARTMSG 2221:0 @!@!@
  |line 21, col 13 to line 21, col 19 of module tasks: 3242238
@!@!@ENDMSG 2221 @!@!@
@!@!@STARTMSG 2221:0 @!@!@
  line 40, col 19 to line 40, col 21 of module tasks: 3242238
@!@!@ENDMSG 2221 @!@!@
@!@!@STARTMSG 2221:0 @!@!@
  line 41, col 8 to line 41, col 28 of module tasks: 6457398
@!@!@ENDMSG 2221 @!@!@
@!@!@STARTMSG 2221:0 @!@!@
  |line 41, col 8 to line 41, col 21 of module tasks: 3242238
@!@!@ENDMSG 2221 @!@!@
@!@!@STARTMSG 2221:0 @!@!@
  |line 41, col 25 to line 41, col 28 of module tasks: 3242238
@!@!@ENDMSG 2221 @!@!@
@!@!@STARTMSG 2221:0 @!@!@
  line 42, col 8 to line 42, col 21 of module tasks: 6431043
@!@!@ENDMSG 2221 @!@!@
@!@!@STARTMSG 2221:0 @!@!@
  |line 42, col 8 to line 42, col 12 of module tasks: 3215883
@!@!@ENDMSG 2221 @!@!@
@!@!@STARTMSG 2221:0 @!@!@
  |line 42, col 17 to line 42, col 21 of module tasks: 3215883
@!@!@ENDMSG 2221 @!@!@
@!@!@STARTMSG 2221:0 @!@!@
  line 44, col 9 to line 45, col 31 of module tasks: 3215160
@!@!@ENDMSG 2221 @!@!@
@!@!@STARTMSG 2772:0 @!@!@
<CompleteTask line 47, col 1 to line 47, col 17 of module tasks>: 0:26355
@!@!@ENDMSG 2772 @!@!@
@!@!@STARTMSG 2221:0 @!@!@
  line 21, col 5 to line 21, col 19 of module tasks: 3268593
@!@!@ENDMSG 2221 @!@!@
@!@!@STARTMSG 2221:0 @!@!@
  |line 21, col 5 to line 21, col 7 of module tasks: 3242238
@!@!@ENDMSG 2221 @!@!@
@!@!@STARTMSG 2221:0 @!@!@
  |line 21, col 13 to line 21, col 19 of module tasks: 3242238
@!@!@ENDMSG 2221 @!@!@
@!@!@STARTMSG 2221:0 @!@!@
  line 48, col 19 to line 48, col 21 of module tasks: 3242238
@!@!@ENDMSG 2221 @!@!@
@!@!@STARTMSG 2221:0 @!@!@
  line 49, col 8 to line 49, col 29 of module tasks: 3268593
@!@!@ENDMSG 2221 @!@!@
@!@!@STARTMSG 2221:0 @!@!@
  |line 49, col 8 to line 49, col 21 of module tasks: 3242238
@!@!@ENDMSG 2221 @!@!@
@!@!@STARTMSG 2221:0 @!@!@
  |line 49, col 26 to line 49, col 29 of module tasks: 3242238
@!@!@ENDMSG 2221 @!@!@
@!@!@STARTMSG 2221:0 @!@!@
  line 50, col 8 to line 50, col 52 of module tasks: 26355
@!@!@ENDMSG 2221 @!@!@
@!@!@STARTMSG 2221:0 @!@!@
  line 51, col 8 to line 51, col 26 of module tasks: 26355
@!@!@ENDMSG 2221 @!@!@
@!@!@STARTMSG 2774:0 @!@!@
<Inv_TasksNotExceedMax line 71, col 1 to line 71, col 21 of module tasks>
@!@!@ENDMSG 2774 @!@!@
@!@!@STARTMSG 2221:0 @!@!@
  line 72, col 5 to line 72, col 27 of module tasks: 129726496
@!@!@ENDMSG 2221 @!@!@
@!@!@STARTMSG 2774:0 @!@!@
<Inv_BotTasksValid line 74, col 1 to line 74, col 17 of module tasks>
@!@!@ENDMSG 2774 @!@!@
@!@!@STARTMSG 2221:0 @!@!@
  line 75, col 5 to line 77, col 84 of module tasks: 129726497
@!@!@ENDMSG 2221 @!@!@
@!@!@STARTMSG 2221:0 @!@!@
  |line 76, col 9 to line 77, col 84 of module tasks: 389179491
@!@!@ENDMSG 2221 @!@!@
@!@!@STARTMSG 2221:0 @!@!@
  ||line 76, col 9 to line 76, col 29 of module tasks: 389179494
@!@!@ENDMSG 2221 @!@!@
@!@!@STARTMSG 2221:0 @!@!@
  ||line 77, col 10 to line 77, col 83 of module tasks: 3235746
@!@!@ENDMSG 2221 @!@!@
@!@!@STARTMSG 2221:0 @!@!@
  |||line 77, col 55 to line 77, col 83 of module tasks: 120730494
@!@!@ENDMSG 2221 @!@!@
@!@!@STARTMSG 2221:0 @!@!@
  |||line 77, col 21 to line 77, col 29 of module tasks: 3235747
@!@!@ENDMSG 2221 @!@!@
@!@!@STARTMSG 2221:0 @!@!@
  |||line 77, col 40 to line 77, col 51 of module tasks: 3235747
@!@!@ENDMSG 2221 @!@!@
@!@!@STARTMSG 2221:0 @!@!@
  |line 75, col 16 to line 75, col 22 of module tasks: 129726500
@!@!@ENDMSG 2221 @!@!@
@!@!@STARTMSG 2777:0 @!@!@
End of statistics (please note that for performance reasons large models
are best checked with coverage and cost statistics disabled).
@!@!@ENDMSG 2777 @!@!@
@!@!@STARTMSG 2200:0 @!@!@
Progress(5) at 2025-05-02 23:28:25: 136.394.926 states generated (3.463.848 s/min), 133.106.331 distinct states found (3.379.911 ds/min), 131.997.425 states left on queue.
@!@!@ENDMSG 2200 @!@!@
@!@!@STARTMSG 2200:0 @!@!@
Progress(5) at 2025-05-02 23:29:25: 137.737.989 states generated (1.343.063 s/min), 134.416.724 distinct states found (1.310.393 ds/min), 133.296.901 states left on queue.
@!@!@ENDMSG 2200 @!@!@
@!@!@STARTMSG 2201:0 @!@!@
The coverage statistics at 2025-05-02 23:29:25
@!@!@ENDMSG 2201 @!@!@
@!@!@STARTMSG 2773:0 @!@!@
<Init line 15, col 1 to line 15, col 4 of module tasks>: 1:1
@!@!@ENDMSG 2773 @!@!@
@!@!@STARTMSG 2221:0 @!@!@
  line 16, col 8 to line 16, col 20 of module tasks: 1
@!@!@ENDMSG 2221 @!@!@
@!@!@STARTMSG 2221:0 @!@!@
  line 17, col 8 to line 17, col 45 of module tasks: 1
@!@!@ENDMSG 2221 @!@!@
@!@!@STARTMSG 2775:0 @!@!@
  |line 17, col 20 to line 17, col 45 of module tasks: 1:3
@!@!@ENDMSG 2775 @!@!@
@!@!@STARTMSG 2221:0 @!@!@
  ||line 17, col 29 to line 17, col 35 of module tasks: 1
@!@!@ENDMSG 2221 @!@!@
@!@!@STARTMSG 2772:0 @!@!@
<GenerateTask line 32, col 1 to line 32, col 25 of module tasks>: 131102165:134379246
@!@!@ENDMSG 2772 @!@!@
@!@!@STARTMSG 2221:0 @!@!@
  line 33, col 8 to line 33, col 24 of module tasks: 268758493
@!@!@ENDMSG 2221 @!@!@
@!@!@STARTMSG 2221:0 @!@!@
  |line 33, col 8 to line 33, col 10 of module tasks: 134379248
@!@!@ENDMSG 2221 @!@!@
@!@!@STARTMSG 2221:0 @!@!@
  |line 33, col 16 to line 33, col 24 of module tasks: 134379249
@!@!@ENDMSG 2221 @!@!@
@!@!@STARTMSG 2221:0 @!@!@
  line 34, col 8 to line 34, col 30 of module tasks: 268758499
@!@!@ENDMSG 2221 @!@!@
@!@!@STARTMSG 2221:0 @!@!@
  |line 34, col 8 to line 34, col 13 of module tasks: 134379251
@!@!@ENDMSG 2221 @!@!@
@!@!@STARTMSG 2221:0 @!@!@
  |line 34, col 19 to line 34, col 30 of module tasks: 134379251
@!@!@ENDMSG 2221 @!@!@
@!@!@STARTMSG 2221:0 @!@!@
  line 35, col 8 to line 35, col 29 of module tasks: 134379250
@!@!@ENDMSG 2221 @!@!@
@!@!@STARTMSG 2221:0 @!@!@
  |line 35, col 8 to line 35, col 17 of module tasks: 134379251
@!@!@ENDMSG 2221 @!@!@
@!@!@STARTMSG 2221:0 @!@!@
  |line 35, col 21 to line 35, col 29 of module tasks: 134379251
@!@!@ENDMSG 2221 @!@!@
@!@!@STARTMSG 2221:0 @!@!@
  line 36, col 8 to line 36, col 46 of module tasks: 134379250
@!@!@ENDMSG 2221 @!@!@
@!@!@STARTMSG 2221:0 @!@!@
  |line 36, col 17 to line 36, col 46 of module tasks: 134379251
@!@!@ENDMSG 2221 @!@!@
@!@!@STARTMSG 2221:0 @!@!@
  line 37, col 8 to line 37, col 30 of module tasks: 134379246
@!@!@ENDMSG 2221 @!@!@
@!@!@STARTMSG 2772:0 @!@!@
<AssignTask line 39, col 1 to line 39, col 15 of module tasks>: 3314574:3331449
@!@!@ENDMSG 2772 @!@!@
@!@!@STARTMSG 2221:0 @!@!@
  line 21, col 5 to line 21, col 19 of module tasks: 6690930
@!@!@ENDMSG 2221 @!@!@
@!@!@STARTMSG 2221:0 @!@!@
  |line 21, col 5 to line 21, col 7 of module tasks: 3359481
@!@!@ENDMSG 2221 @!@!@
@!@!@STARTMSG 2221:0 @!@!@
  |line 21, col 13 to line 21, col 19 of module tasks: 3359481
@!@!@ENDMSG 2221 @!@!@
@!@!@STARTMSG 2221:0 @!@!@
  line 40, col 19 to line 40, col 21 of module tasks: 3359481
@!@!@ENDMSG 2221 @!@!@
@!@!@STARTMSG 2221:0 @!@!@
  line 41, col 8 to line 41, col 28 of module tasks: 6690930
@!@!@ENDMSG 2221 @!@!@
@!@!@STARTMSG 2221:0 @!@!@
  |line 41, col 8 to line 41, col 21 of module tasks: 3359481
@!@!@ENDMSG 2221 @!@!@
@!@!@STARTMSG 2221:0 @!@!@
  |line 41, col 25 to line 41, col 28 of module tasks: 3359481
@!@!@ENDMSG 2221 @!@!@
@!@!@STARTMSG 2221:0 @!@!@
  line 42, col 8 to line 42, col 21 of module tasks: 6663621
@!@!@ENDMSG 2221 @!@!@
@!@!@STARTMSG 2221:0 @!@!@
  |line 42, col 8 to line 42, col 12 of module tasks: 3332172
@!@!@ENDMSG 2221 @!@!@
@!@!@STARTMSG 2221:0 @!@!@
  |line 42, col 17 to line 42, col 21 of module tasks: 3332172
@!@!@ENDMSG 2221 @!@!@
@!@!@STARTMSG 2221:0 @!@!@
  line 44, col 9 to line 45, col 31 of module tasks: 3331449
@!@!@ENDMSG 2221 @!@!@
@!@!@STARTMSG 2772:0 @!@!@
<CompleteTask line 47, col 1 to line 47, col 17 of module tasks>: 0:27309
@!@!@ENDMSG 2772 @!@!@
@!@!@STARTMSG 2221:0 @!@!@
  line 21, col 5 to line 21, col 19 of module tasks: 3386790
@!@!@ENDMSG 2221 @!@!@
@!@!@STARTMSG 2221:0 @!@!@
  |line 21, col 5 to line 21, col 7 of module tasks: 3359481
@!@!@ENDMSG 2221 @!@!@
@!@!@STARTMSG 2221:0 @!@!@
  |line 21, col 13 to line 21, col 19 of module tasks: 3359481
@!@!@ENDMSG 2221 @!@!@
@!@!@STARTMSG 2221:0 @!@!@
  line 48, col 19 to line 48, col 21 of module tasks: 3359481
@!@!@ENDMSG 2221 @!@!@
@!@!@STARTMSG 2221:0 @!@!@
  line 49, col 8 to line 49, col 29 of module tasks: 3386790
@!@!@ENDMSG 2221 @!@!@
@!@!@STARTMSG 2221:0 @!@!@
  |line 49, col 8 to line 49, col 21 of module tasks: 3359481
@!@!@ENDMSG 2221 @!@!@
@!@!@STARTMSG 2221:0 @!@!@
  |line 49, col 26 to line 49, col 29 of module tasks: 3359481
@!@!@ENDMSG 2221 @!@!@
@!@!@STARTMSG 2221:0 @!@!@
  line 50, col 8 to line 50, col 52 of module tasks: 27309
@!@!@ENDMSG 2221 @!@!@
@!@!@STARTMSG 2221:0 @!@!@
  line 51, col 8 to line 51, col 26 of module tasks: 27309
@!@!@ENDMSG 2221 @!@!@
@!@!@STARTMSG 2774:0 @!@!@
<Inv_TasksNotExceedMax line 71, col 1 to line 71, col 21 of module tasks>
@!@!@ENDMSG 2774 @!@!@
@!@!@STARTMSG 2221:0 @!@!@
  line 72, col 5 to line 72, col 27 of module tasks: 134416748
@!@!@ENDMSG 2221 @!@!@
@!@!@STARTMSG 2774:0 @!@!@
<Inv_BotTasksValid line 74, col 1 to line 74, col 17 of module tasks>
@!@!@ENDMSG 2774 @!@!@
@!@!@STARTMSG 2221:0 @!@!@
  line 75, col 5 to line 77, col 84 of module tasks: 134416749
@!@!@ENDMSG 2221 @!@!@
@!@!@STARTMSG 2221:0 @!@!@
  |line 76, col 9 to line 77, col 84 of module tasks: 403250250
@!@!@ENDMSG 2221 @!@!@
@!@!@STARTMSG 2221:0 @!@!@
  ||line 76, col 9 to line 76, col 29 of module tasks: 403250250
@!@!@ENDMSG 2221 @!@!@
@!@!@STARTMSG 2221:0 @!@!@
  ||line 77, col 10 to line 77, col 83 of module tasks: 3351597
@!@!@ENDMSG 2221 @!@!@
@!@!@STARTMSG 2221:0 @!@!@
  |||line 77, col 55 to line 77, col 83 of module tasks: 129322131
@!@!@ENDMSG 2221 @!@!@
@!@!@STARTMSG 2221:0 @!@!@
  |||line 77, col 21 to line 77, col 29 of module tasks: 3351597
@!@!@ENDMSG 2221 @!@!@
@!@!@STARTMSG 2221:0 @!@!@
  |||line 77, col 40 to line 77, col 51 of module tasks: 3351597
@!@!@ENDMSG 2221 @!@!@
@!@!@STARTMSG 2221:0 @!@!@
  |line 75, col 16 to line 75, col 22 of module tasks: 134416752
@!@!@ENDMSG 2221 @!@!@
@!@!@STARTMSG 2777:0 @!@!@
End of statistics (please note that for performance reasons large models
are best checked with coverage and cost statistics disabled).
@!@!@ENDMSG 2777 @!@!@
@!@!@STARTMSG 2200:0 @!@!@
Progress(5) at 2025-05-02 23:30:25: 139.047.366 states generated (1.309.377 s/min), 135.694.469 distinct states found (1.277.745 ds/min), 134.563.996 states left on queue.
@!@!@ENDMSG 2200 @!@!@
@!@!@STARTMSG 2200:0 @!@!@
Progress(5) at 2025-05-02 23:31:25: 140.057.060 states generated (1.009.694 s/min), 136.679.707 distinct states found (985.238 ds/min), 135.541.025 states left on queue.
@!@!@ENDMSG 2200 @!@!@
@!@!@STARTMSG 2201:0 @!@!@
The coverage statistics at 2025-05-02 23:31:25
@!@!@ENDMSG 2201 @!@!@
@!@!@STARTMSG 2773:0 @!@!@
<Init line 15, col 1 to line 15, col 4 of module tasks>: 1:1
@!@!@ENDMSG 2773 @!@!@
@!@!@STARTMSG 2221:0 @!@!@
  line 16, col 8 to line 16, col 20 of module tasks: 1
@!@!@ENDMSG 2221 @!@!@
@!@!@STARTMSG 2221:0 @!@!@
  line 17, col 8 to line 17, col 45 of module tasks: 1
@!@!@ENDMSG 2221 @!@!@
@!@!@STARTMSG 2775:0 @!@!@
  |line 17, col 20 to line 17, col 45 of module tasks: 1:3
@!@!@ENDMSG 2775 @!@!@
@!@!@STARTMSG 2221:0 @!@!@
  ||line 17, col 29 to line 17, col 35 of module tasks: 1
@!@!@ENDMSG 2221 @!@!@
@!@!@STARTMSG 2772:0 @!@!@
<GenerateTask line 32, col 1 to line 32, col 25 of module tasks>: 133309581:136641742
@!@!@ENDMSG 2772 @!@!@
@!@!@STARTMSG 2221:0 @!@!@
  line 33, col 8 to line 33, col 24 of module tasks: 273283483
@!@!@ENDMSG 2221 @!@!@
@!@!@STARTMSG 2221:0 @!@!@
  |line 33, col 8 to line 33, col 10 of module tasks: 136641743
@!@!@ENDMSG 2221 @!@!@
@!@!@STARTMSG 2221:0 @!@!@
  |line 33, col 16 to line 33, col 24 of module tasks: 136641743
@!@!@ENDMSG 2221 @!@!@
@!@!@STARTMSG 2221:0 @!@!@
  line 34, col 8 to line 34, col 30 of module tasks: 273283485
@!@!@ENDMSG 2221 @!@!@
@!@!@STARTMSG 2221:0 @!@!@
  |line 34, col 8 to line 34, col 13 of module tasks: 136641743
@!@!@ENDMSG 2221 @!@!@
@!@!@STARTMSG 2221:0 @!@!@
  |line 34, col 19 to line 34, col 30 of module tasks: 136641743
@!@!@ENDMSG 2221 @!@!@
@!@!@STARTMSG 2221:0 @!@!@
  line 35, col 8 to line 35, col 29 of module tasks: 136641742
@!@!@ENDMSG 2221 @!@!@
@!@!@STARTMSG 2221:0 @!@!@
  |line 35, col 8 to line 35, col 17 of module tasks: 136641743
@!@!@ENDMSG 2221 @!@!@
@!@!@STARTMSG 2221:0 @!@!@
  |line 35, col 21 to line 35, col 29 of module tasks: 136641743
@!@!@ENDMSG 2221 @!@!@
@!@!@STARTMSG 2221:0 @!@!@
  line 36, col 8 to line 36, col 46 of module tasks: 136641742
@!@!@ENDMSG 2221 @!@!@
@!@!@STARTMSG 2221:0 @!@!@
  |line 36, col 17 to line 36, col 46 of module tasks: 136641743
@!@!@ENDMSG 2221 @!@!@
@!@!@STARTMSG 2221:0 @!@!@
  line 37, col 8 to line 37, col 30 of module tasks: 136641741
@!@!@ENDMSG 2221 @!@!@
@!@!@STARTMSG 2772:0 @!@!@
<AssignTask line 39, col 1 to line 39, col 15 of module tasks>: 3370128:3387552
@!@!@ENDMSG 2772 @!@!@
@!@!@STARTMSG 2221:0 @!@!@
  line 21, col 5 to line 21, col 19 of module tasks: 6803595
@!@!@ENDMSG 2221 @!@!@
@!@!@STARTMSG 2221:0 @!@!@
  |line 21, col 5 to line 21, col 7 of module tasks: 3416043
@!@!@ENDMSG 2221 @!@!@
@!@!@STARTMSG 2221:0 @!@!@
  |line 21, col 13 to line 21, col 19 of module tasks: 3416043
@!@!@ENDMSG 2221 @!@!@
@!@!@STARTMSG 2221:0 @!@!@
  line 40, col 19 to line 40, col 21 of module tasks: 3416043
@!@!@ENDMSG 2221 @!@!@
@!@!@STARTMSG 2221:0 @!@!@
  line 41, col 8 to line 41, col 28 of module tasks: 6803595
@!@!@ENDMSG 2221 @!@!@
@!@!@STARTMSG 2221:0 @!@!@
  |line 41, col 8 to line 41, col 21 of module tasks: 3416043
@!@!@ENDMSG 2221 @!@!@
@!@!@STARTMSG 2221:0 @!@!@
  |line 41, col 25 to line 41, col 28 of module tasks: 3416043
@!@!@ENDMSG 2221 @!@!@
@!@!@STARTMSG 2221:0 @!@!@
  line 42, col 8 to line 42, col 21 of module tasks: 6775827
@!@!@ENDMSG 2221 @!@!@
@!@!@STARTMSG 2221:0 @!@!@
  |line 42, col 8 to line 42, col 12 of module tasks: 3388275
@!@!@ENDMSG 2221 @!@!@
@!@!@STARTMSG 2221:0 @!@!@
  |line 42, col 17 to line 42, col 21 of module tasks: 3388275
@!@!@ENDMSG 2221 @!@!@
@!@!@STARTMSG 2221:0 @!@!@
  line 44, col 9 to line 45, col 31 of module tasks: 3387552
@!@!@ENDMSG 2221 @!@!@
@!@!@STARTMSG 2772:0 @!@!@
<CompleteTask line 47, col 1 to line 47, col 17 of module tasks>: 0:27768
@!@!@ENDMSG 2772 @!@!@
@!@!@STARTMSG 2221:0 @!@!@
  line 21, col 5 to line 21, col 19 of module tasks: 3443811
@!@!@ENDMSG 2221 @!@!@
@!@!@STARTMSG 2221:0 @!@!@
  |line 21, col 5 to line 21, col 7 of module tasks: 3416043
@!@!@ENDMSG 2221 @!@!@
@!@!@STARTMSG 2221:0 @!@!@
  |line 21, col 13 to line 21, col 19 of module tasks: 3416043
@!@!@ENDMSG 2221 @!@!@
@!@!@STARTMSG 2221:0 @!@!@
  line 48, col 19 to line 48, col 21 of module tasks: 3416043
@!@!@ENDMSG 2221 @!@!@
@!@!@STARTMSG 2221:0 @!@!@
  line 49, col 8 to line 49, col 29 of module tasks: 3443811
@!@!@ENDMSG 2221 @!@!@
@!@!@STARTMSG 2221:0 @!@!@
  |line 49, col 8 to line 49, col 21 of module tasks: 3416043
@!@!@ENDMSG 2221 @!@!@
@!@!@STARTMSG 2221:0 @!@!@
  |line 49, col 26 to line 49, col 29 of module tasks: 3416043
@!@!@ENDMSG 2221 @!@!@
@!@!@STARTMSG 2221:0 @!@!@
  line 50, col 8 to line 50, col 52 of module tasks: 27768
@!@!@ENDMSG 2221 @!@!@
@!@!@STARTMSG 2221:0 @!@!@
  line 51, col 8 to line 51, col 26 of module tasks: 27768
@!@!@ENDMSG 2221 @!@!@
@!@!@STARTMSG 2774:0 @!@!@
<Inv_TasksNotExceedMax line 71, col 1 to line 71, col 21 of module tasks>
@!@!@ENDMSG 2774 @!@!@
@!@!@STARTMSG 2221:0 @!@!@
  line 72, col 5 to line 72, col 27 of module tasks: 136679716
@!@!@ENDMSG 2221 @!@!@
@!@!@STARTMSG 2774:0 @!@!@
<Inv_BotTasksValid line 74, col 1 to line 74, col 17 of module tasks>
@!@!@ENDMSG 2774 @!@!@
@!@!@STARTMSG 2221:0 @!@!@
  line 75, col 5 to line 77, col 84 of module tasks: 136679716
@!@!@ENDMSG 2221 @!@!@
@!@!@STARTMSG 2221:0 @!@!@
  |line 76, col 9 to line 77, col 84 of module tasks: 410039148
@!@!@ENDMSG 2221 @!@!@
@!@!@STARTMSG 2221:0 @!@!@
  ||line 76, col 9 to line 76, col 29 of module tasks: 410039148
@!@!@ENDMSG 2221 @!@!@
@!@!@STARTMSG 2221:0 @!@!@
  ||line 77, col 10 to line 77, col 83 of module tasks: 3407520
@!@!@ENDMSG 2221 @!@!@
@!@!@STARTMSG 2221:0 @!@!@
  |||line 77, col 55 to line 77, col 83 of module tasks: 133581756
@!@!@ENDMSG 2221 @!@!@
@!@!@STARTMSG 2221:0 @!@!@
  |||line 77, col 21 to line 77, col 29 of module tasks: 3407520
@!@!@ENDMSG 2221 @!@!@
@!@!@STARTMSG 2221:0 @!@!@
  |||line 77, col 40 to line 77, col 51 of module tasks: 3407520
@!@!@ENDMSG 2221 @!@!@
@!@!@STARTMSG 2221:0 @!@!@
  |line 75, col 16 to line 75, col 22 of module tasks: 136679716
@!@!@ENDMSG 2221 @!@!@
@!@!@STARTMSG 2777:0 @!@!@
End of statistics (please note that for performance reasons large models
are best checked with coverage and cost statistics disabled).
@!@!@ENDMSG 2777 @!@!@
